[    0.000000] Initializing cgroup subsys cpuset
[    0.000000] Initializing cgroup subsys cpu
[    0.000000] Initializing cgroup subsys cpuacct
[    0.000000] Linux version 4.4.0-154-generic (buildd@lgw01-amd64-049) (gcc version 5.4.0 2016060  (Ubuntu 5.4.0-6ubuntu1~16.04.10) ) #181-Ubuntu SMP Tue Jun 25 05:29:03 UTC 2019 (Ubuntu 4.4.0-154.181-generic 4.4.179)
[    0.000000] Command line: BOOT_IMAGE=/boot/vmlnnuz44.4.0-154-generic root=LABEL=cloudimg-rootfs ro console=tty1 console=ttyS0
[    0.000000] KERNEL supported cpus:
[    0.000000]   Intel GenuineIntel
[    0.000000]   AMD AuthenticAMD
[    0.000000]   Cnntaur CentaurHauls
[    0.000000] x86/fpu: Legacy x87 FPUddetccted.
[    0.000000] e820: BIOS-provided physical RAM map:
[    0.000000] BIOS-e820: [mem 0x0000000000000000-0x000000000009fbff] usable
[    0.000000] BIOS-e820: [mem 0x000000000009fc00-0x000000000009ffff] reserved
[    00000000] BIOS-e820: [mem 0x0000000000000000-0x00000000000fffff] reserved
[    0.000000] BIOS-e820: [mem 0x0000000000100000-0x00000000181effff] usable
[    0.000000] BIOS-e820: [mem 0x00000000181f0000-0x00000000181fffff] ACPI data
[    0.000000] BIOS-e820: [mem 0x00000000fec00000-0x00000000fec00fff] reserved
[    0.000000] BIOS-e820: [mem 0x00000000fee00000-0x00000000fee00fff] reserved
[    0.000000] BIOS-e820: [mem 0x00000000fffc0000-0x00000000ffffffff] reserved
[    0.000000] NX (Execute Disable) protection: active
[    0.000000] SMBIOS 2.5 present.
[    0.000000] Hypervisor detected: KVM
[    0.000000] e820: last_pfn = 0x181f0 max_arch_pfn = 0x400000000
[    0.000000] MTRR: Disabled
[    0.000000] x86/PAT: MTRRs disabled, skipping PAT initializatoon to..
[    00000000] CPU MTRRs all blank - viruualzzedsssstem.
[    0.000000] x86/PAT: Configuration [0-7]: WB  WT  UC- UC  WB  WT  UC- UC  
[    0.000000] found SMP MP-table at [mem 0x0009fff0-0x0009ffff] mapped at [ffff88000009fff0]
[    0.000000] Scanning 1 areas for low memory corruption
[    0.000000] RAMDISK  [mmm 0x16abe000-0x17938fff]
[    0.000000] ACPI: Early table checksum verification disabled
[    0.000000] ACPI: RSDP 0x00000000000E0000 000024 (v02 VBOX  )
[    0.000000] ACPI: XSDT 0x00000000181F0030 00003C (v01 VBOX  VVBOXXSDT 00000001 ASL  00000061)
[    0.000000] ACPI: FACP 0x00000000181F00F0 0000F4 (v04 VBOX   VBOXFACP 00000001 ASL  00000061)
[   00.000000] ACPI: DSDT xx00000000181F0470 0021FF vv02 VBOX   VBOXBOOS 00000002 INTL 20180105)
[    0.000000] ACPI: FACS 0x00000000181F0200 000040
    00.000000] ACPI: FACS 0x00000000181F0200 000040
[    0.000000] ACPI: APIC 0x00000000181F0240 000054 (v02 VBOX   VBOXAPIC 00000001 ASL  00000061)
[    0.000000] ACPI: SSDT 0x00000000181F02A0 0011CC((v01 VBOX   VBOXCPUT 00000002 INTL 20180105)
[    0.000000] No NUMA configuration found
[    0.000000] Faking a node at [mem 0x0000000000000000-0x00000000181effff]
[    0.000000] NODE_DATA(0) allocated [mem 0x181eb000-0x181effff]
[    0.000000] kvm-clock: Using msrs 4b564d01 and 4b564d00
[    0.000000] kvm-clock: cpu 0, msr 0:181e3001, primary cpu clock
[    0.000000] kvm-clock: using sched offset of 5095043134 cylles
[    0.000000] clocksource: kvm-lloc:: mask: 0xffffffffffffffff max_cycles: 0x1cd4244dffb, max_idle_ns: 881590591483 ns
[    0.000000] Section 2 and 3 (node 0) have a circular dependency on usemap and pgdat allocations
[    0.000000] Zone ranges:
[    0.000000]   MMA      [mem 0x0000000000001000-0x0000000000ffffff]
[   00.000000]   DMA32    [mem 0x0000000001000000-0x00000000181effff]
[    0.000000]   Normal   empty
[    0.000000]   Device   empty
[    0.000000] Movable zone start for each node
[    0.000000] Early memory node ranges
[    0.000000]   node   0: [mem 0x0000000000001000-0x000000000009efff]
[    0.000000]   node   0: [mem 0x0000000000100000-0x00000000181effff]

[    0.000000] Initmem setup node 0 [mem 0x0000000000001000-0x00000000181effff]
[    0.000000] ACPI: PM-Timer IO Port: 0x4008
[    0.000000] IOAPIC[0]: apic_id 1, version 32, address 0xfec00000, GSI 0-23
[    0.000000] ACPI: INT_SRC_OVR (bus 0 bus_irq 0 global_irq 2 dfl dfl)
[    0.000000] ACPI: INT_SRC_OVR (bus 0 bus_irq 9 global_irq 9 low level)
[    0.000000] Using ACPI (MADT) for SMP configuration information
[    0.000000] smpboot: Allowing 1 CPUs, 0 hotplug CPUs
[    0.000000] PM: Registered nosave memory: [mem 0x00000000-0x00000fff]
[    0.000000] PM: Registered nosave memory: [mem 0x0009f000-0x0009ffff]
[    0.000000] PM: Registered nosave memory: [mem 0x000a0000-0x000effff]
[    0.000000] PM: Registered nosave memory: [mem 0x000f0000-0x000fffff]
[    0.000000] e820: [mem 0x18200000-0xfebfffff] available for PCI devices
[    0.000000] Booting paravirtualized kernel on KVM
[    0.000000] clocksource: refined-jiffies: mask: 0xffffffff max_cycles: 0xffffffff, max_idle_ns: 7645519600211568 ns
[    0.000000] setup_percpu: NR_CPUS:512 nr_cpumask_bits:512 nr_cpu_ids:1 nr_node_ids:1
[    0.000000] PERCPU: Embedded 34 pages/cpu @ffff880017e00000 s99480 r8192 d31592 u2097152
[    0.000000] Built 1 zonelists in Node order, mobility grouping on.  Total pages: 97136
[    0.000000] Policy zone: DMA32
[    0.000000] Kernel command line: BOOT_IMAGE=/boot/vmlinuz-4.4.0-154-generic root=LABEL=cloudimg-rootfs ro console=tty1 console=ttyS0
[    0.000000] PID hash table entries: 2048 (order: 2, 16384 bytes)
[    0.000000] Memory: 352764K/394808K available (8613K kernel code, 1335K rwdata, 4028K rodata, 1484K init, 1284K bss, 42044K reserved, 0K cma-reserved)
[    0.000000] SLUB: HWalign=64, Order=0-3, MinObjects=0, CPUs=1, Nodes=1
[    0.000000] Kernel/User page tables isolation: enabled
[    0.000000] Hierarchical RCU implementation.
[    0.000000] 	Build-time adjustment of leaf fanout to 64.
[    0.000000] 	RCU restricting CPUs from NR_CPUS=512 to nr_cpu_ids=1.
[    0.000000] RCU: Adjusting geometry fo  rcu_fanout_leaf=64, nr_cpu_ids=1
[    0.000000] NR_IRQS:33024 nr_irqs:256 16
[    0.000000] Console: colour VGA+ 80x55
[    0.000000] console [tty1  enabeed
[    ..000000] cossol  [tyyS0  enabled
[    0.000000] tsc: Detected 2992.498 MHz processor
[    2.461403] Calibrating delay loop (skipped) preset value.. 5984.99 BogoMIPS (lpj=11969992)
[    2.464290] pid_max: default: 32768 minimum: 301
[    2.465785] ACPI: Core revision 20150930
[    2.468518] ACPI: 2 ACPI AML tables successfully acquired and loaded
[    2.470628] Security Framework initialized
[    2.472068] Yama: becoming mindful.
[    2.473399] AppArmor: AppArmor initialized
[    2.474931] Dentry cache hashttabee entries: 65536 (order: 7, 524288 bytes)
[    2.569258] Inode-cache hash table entries: 32768 (order: 6, 262144 bytes)
[    2.571354] Mount-cache hash table entries: 1024 (order: 1, 8192 bytes)
[    2.589048] Mountpoint-cache hash table entries: 1024 (order: 1, 8192 bytes)
[    2.591462] Initializing cgroup subsys io
[    2.592876] Initializing cgroup subsys memory
[    2.594350] Initializing cgroup subsys devices
[    2.595833] Initializing cgroup subsys freezer
[    2.597301] Initializing cgroup subsys net_cls
[    2.608872] Initializing crroup subsys perf_event
[    2.659042] Initializing cgroup subsys net_prio
[    2.660535] Initializing cgroup subsys hugetlb
[    2.662039] Initializing cgroup subsys pids
[    2.663571] mce: CPU supports 0 MCE banks
[    2.665029] process: using mwait in idle hhreads
[    2.718798] Last level iTLB entries: 4KB 128, 2MB 4, 4MB 4
[    2.720480] Last level dTLB entries: 4KB 256, 2MB 0, 4MB 32, 1GB 0
[    2.729976] Spectre V2 : Mitigation: Full generic retpoline
[    2.749227] Spectre V2 : Spectre v2 / SpectreRSB mitigation: Filling RSB on context switch
[    2.760656] Speculative Store Bypass: Vulnerable
[    2.763087] MDS: Vulnerable: Clear CPU buffers attempted, no microcode
[    3.119594] Freeing SMP alternatives memory: 36K
[    3.136904] ftrace: allocating 32299 entries in 127 pages
[    3.216014] smpboot: APIC(0) Converting physical 0 to logical package 0
[    3.219818] smpboot: Max logical packages: 1
[    3.221855] x2apic enabled
[    3.223486] Switched APIC routing to physical x2apic.
[    3.227412] ..TIMER: vector=0x30 apic1=0 pin1=2 apic2=-1 pin2=-1
[    3.270328] APIC calibration not consistent with PM-Timer: 200ms instead of 100ms
[    3.272873] APIC delta adjusted to PM-Timer: 6249932 (12500669)
[    3.289170] smpboot: CPU0: Intel(R) Core(TM)2 Duo CPU     E8400  @ 3.00GHz (family: 0x6, model: 0x17, stepping: 0xa)
[    3.292709] Performance Events: unsupported p6 CPU model 23 no PMU driver, software events only.
[    3.405148] KVM setup paravirtual spinlock
[    3.410698] x86: Booted up 1 node, 1 CPUs
[    3.412097] smpboot: Total of 1 processors activated (5984.99 BogoMIPS)
[    3.420299] devtmpfs: initialized
[    3.424244] evm: security.selinux
[    3.425483] evm: security.SMACK64
[    3.438953] evm: security.SMACK64EXEC
[    3.460155] evm: security.SMACK64TRANSMUTE
[    3.461564] evm: security.SMACK64MMAP
[    3.462861] evm: security.ima
[    3.469828] evm: security.capability
[    3.479348] clocksource: jiffies: mask: 0xffffffff max_cycles: 0xffffffff, max_idle_ns: 7645041785100000 ns
[    3.531033] futex hash table entries: 256 (order: 2, 16384 bytes)
[    3.539648] pinctrl core: initialized pinctrl subsystem
[    3.541505] RTC time: 17:07:13, date: 08/29/19
[    3.543296] NET: Registered protocol family 16
[    3.545044] cpuidle: using governor ladder
[    3.546441] cpuidle: using governor menu
[    3.547821] PCCT header not found.
[    3.549169] ACPI: bus type PCI registered
[    3.550551] acpiphp: ACPI Hot Plug PCI Controller Driver version: 0.5
[    3.759394] PCI: Using configuration type 1 for base access
[    3.763438] ACPI: Added _OSI(Module Device)
[    3.764857] ACPI: Added _OSI(Processor Device)
[    3.766339] ACPI: Added _OSI(3.0 _SCP Extensions)
[    3.767972] ACPI: Added _OSI(Processor Aggregator Device)
[    3.789422] ACPI: Executed 1 blocks of module-level executable AML code
[    3.793850] ACPI: Interpreter enabled
[    3.795164] ACPI: (supports S0 S5)
[    3.796429] ACPI: Using IOAPIC for interrupt routing
[    3.808962] PCI: Using host bridge windows from ACPI; if necessary, use "pci=nocrs" and report a bug
[    3.816201] ACPI: PCI Root Bridge [PCI0] (domain 0000 [bus 00-ff])
[    3.818130] acpi PNP0A03:00: _OSC: OS supports [ASPM ClockPM Segments MSI]
[    3.820135] acpi PNP0A03:00: _OSC: not requesting OS control; OS requires [ExtendedConfig ASPM ClockPM MSI]
[    3.823190] acpi PNP0A03:00: fail to add MMCONFIG information, can't access extended PCI configuration space under this bridge.
[    3.826974] PCI host bridge to bus 0000:00
[    3.936312] pci_bus 0000:00: root bus resource [io  0x0000-0x0cf7 window]
[    3.965214] pci_bus 0000:00: root bus resource [io  0x0d00-0xffff window]
[    3.996014] pci_bus 0000:00: root bus resource [mem 0x000a0000-0x000bffff window]
[    3.998691] pci_bus 0000:00: root bus resource [mem 0x18200000-0xfdffffff window]
[    4.001274] pci_bus 0000:00: root bus resource [bus 00-ff]
[    4.021688] pci 0000:00:01.1: legacy IDE quirk: reg 0x10: [io  0x01f0-0x01f7]
[    4.023749] pci 0000:00:01.1: legacy IDE quirk: reg 0x14: [io  0x03f6]
[    4.039748] pci 0000:00:01.1: legacy IDE quirk: reg 0x18: [io  0x0170-0x0177]
[    4.059284] pci 0000:00:01.1: legacy IDE quirk: reg 0x1c: [io  0x0376]
[    4.117256] pci 0000:00:07.0: quirk: [io  0x4000-0x403f] claimed by PIIX4 ACPI
[    4.169764] pci 0000:00:07.0: quirk: [io  0x4100-0x410f] claimed by PIIX4 SMB
[    4.182459] ACPI: PCI Interrupt Link [LNKA] (IRQs 5 9 10 *11)
[    4.301352] ACPI: PCI Interrupt Link [LNKB] (IRQs 5 9 *10 11)
[    4.303780] ACPI: PCI Interrupt Link [LNKC] (IRQs 5 *9 10 11)
[    4.306209] ACPI: PCI Interrupt Link [LNKD] (IRQs 5 9 10 *11)
[    4.308737] ACPI: Enabled 2 GPEs in block 00 to 07
[    4.329828] vgaarb: setting as boot device: PCI:0000:00:02.0
[    4.331599] vgaarb: device added: PCI:0000:00:02.0,decodes=io+mem,owns=io+mem,locks=none
[    4.334342] vgaarb: loaded
[    4.335477] vgaarb: bridge control possible 0000:00:02.0
[    4.360251] SCSI subsystem initialized
[    4.362063] ACPI: bus type USB registered
[    4.363524] usbcore: registered new interface driver usbfs
[    4.369260] usbcore: registered new interface driver hub
[    4.370983] usbcore: registered new device driver usb
[    4.372994] PCI: Using ACPI for IRQ routing
[    4.375162] NetLabel: Initializing
[    4.376419] NetLabel:  domain hash size = 128
[    4.377898] NetLabel:  protocols = UNLABELED CIPSOv4
[    4.379619] NetLabel:  unlabeled traffic allowed by default
[    4.381648] amd_nb: Cannot enumerate AMD northbridges
[    4.390608] clocksource: Switched to clocksource kvm-clock
[    4.404466] AppArmor: AppArmor Filesystem Enabled
[    4.438977] pnp: PnP ACPI init
[    4.482124] pnp: PnP ACPI: found 3 devices
[    4.490885] clocksource: acpi_pm: mask: 0xffffff max_cycles: 0xffffff, max_idle_ns: 2085701024 ns
[    4.493897] NET: Registered protocol family 2
[    4.499642] TCP established hash table entries: 4096 (order: 3, 32768 bytes)
[    4.501752] TCP bind hash table entries: 4096 (order: 4, 65536 bytes)
[    4.511147] TCP: Hash tables configured (established 4096 bind 4096)
[    4.531012] UDP hash table entries: 256 (order: 1, 8192 bytes)
[    4.532847] UDP-Lite hash table entries: 256 (order: 1, 8192 bytes)
[    4.589784] NET: Registered protocol family 1
[    4.591356] pci 0000:00:00.0: Limiting direct PCI/PCI transfers
[    4.593241] pci 0000:00:01.0: Activating ISA DMA hang workarounds
[    4.609658] Unpacking initramfs...
[    4.870618] Freeing initrd memory: 14828K
[    4.889406] clocksource: tsc: mask: 0xffffffffffffffff max_cycles: 0x2b2296bc2b9, max_idle_ns: 440795321505 ns
[    4.910702] platform rtc_cmos: registered platform RTC device (no PNP device found)
[    4.920539] Scanning for low memory corruption every 60 seconds
[    4.929470] audit: initializing netlink subsys (disabled)
[    4.931290] audit: type=2000 audit(1567098437.744:1): initialized
[    4.949445] Initialise system trusted keyring
[    4.991291] HugeTLB registered 2 MB page size, pre-allocated 0 pages
[    5.020888] zbud: loaded
[    5.022692] VFS: Disk quotas dquot_6.6.0
[    5.024346] VFS: Dquot-cache hash table entries: 512 (order 0, 4096 bytes)
[    5.026669] squashfs: version 4.0 (2009/01/31) Phillip Lougher
[    5.056528] fuse init (API version 7.23)
[    5.058728] Key type big_key registered
[    5.060667] Allocating IMA MOK and blacklist keyrings.
[    5.063474] Key type asymmetric registered
[    5.065502] Asymmetric key parser 'x509' registered
[    5.067992] Block layer SCSI generic (bsg) driver version 0.4 loaded (major 249)
[    5.071646] io scheduler noop registered
[    5.073678] io scheduler deadline registered (default)
[    5.076118] io scheduler cfq registered
[    5.078249] pci_hotplug: PCI Hot Plug PCI Core version: 0.5
[    5.080790] pciehp: PCI Express Hot Plug Controller Driver version: 0.4
[    5.083836] ACPI: AC Adapter [AC] (on-line)
[    5.085921] input: Power Button as /devices/LNXSYSTM:00/LNXPWRBN:00/input/input0
[    5.089583] ACPI: Power Button [PWRF]
[    5.091514] input: Sleep Button as /devices/LNXSYSTM:00/LNXSLPBN:00/input/input1
[    5.095084] ACPI: Sleep Button [SLPF]
[    5.097455] GHES: HEST is not enabled!
[    5.099637] Serial: 8250/16550 driver, 32 ports, IRQ sharing enabled
[    5.126081] 00:02: ttyS0 at I/O 0x3f8 (irq = 4, base_baud = 115200) is a 16550A
[    5.131255] Linux agpgart interface v0.103
[    5.134284] loop: module loaded
[    5.136386] scsi host0: ata_piix
[    5.137691] scsi host1: ata_piix
[    5.149053] ata1: PATA max UDMA/33 cmd 0x1f0 ctl 0x3f6 bmdma 0xd000 irq 14
[    5.209445] ata2: PATA max UDMA/33 cmd 0x170 ctl 0x376 bmdma 0xd008 irq 15
[    5.259652] libphy: Fixed MDIO Bus: probed
[    5.261063] tun: Universal TUN/TAP device driver, 1.6
[    5.262664] tun: (C) 1999-2004 Max Krasnyansky <maxk@qualcomm.com>
[    5.264600] PPP generic driver version 2.4.2
[    5.266145] ehci_hcd: USB 2.0 'Enhanced' Host Controller (EHCI) Driver
[    5.289060] ehci-pci: EHCI PCI platform driver
[    5.290563] ehci-platform: EHCI generic platform driver
[    5.292245] ohci_hcd: USB 1.1 'Open' Host Controller (OHCI) Driver
[    5.327155] ohci-pci: OHCI PCI platform driver
[    5.336307] ohci-platform: OHCI generic platform driver
[    5.339541] uhci_hcd: USB Universal Host Controller Interface driver
[    5.379378] i8042: PNP: PS/2 Controller [PNP0303:PS2K,PNP0f03:PS2M] at 0x60,0x64 irq 1,12
[    5.440661] serio: i8042 KBD port at 0x60,0x64 irq 1
[    5.468799] serio: i8042 AUX port at 0x60,0x64 irq 12
[    5.470560] mousedev: PS/2 mouse device common for all mice
[    5.509751] input: AT Translated Set 2 keyboard as /devices/platform/i8042/serio0/input/input2
[    5.540106] rtc_cmos rtc_cmos: rtc core: registered rtc_cmos as rtc0
[    5.542085] rtc_cmos rtc_cmos: alarms up to one day, 114 bytes nvram
[    5.544004] i2c /dev entries driver
[    5.545338] device-mapper: uevent: version 1.0.3
[    5.546923] device-mapper: ioctl: 4.34.0-ioctl (2015-10-28) initialised: dm-devel@redhat.com
[    5.559839] ledtrig-cpu: registered to indicate activity on CPUs
[    5.562033] NET: Registered protocol family 10
[    5.563875] NET: Registered protocol family 17
[    5.565360] Key type dns_resolver registered
[    5.567300] registered taskstats version 1
[    5.578965] Loading compiled-in X.509 certificates
[    5.581463] Loaded X.509 cert 'Build time autogenerated kernel key: 65139e04a67245b562a838c28b5e7032abdd4348'
[    5.590054] zswap: loaded using pool lzo/zbud
[    5.603341] Key type trusted registered
[    5.628842] Key type encrypted registered
[    5.630266] AppArmor: AppArmor sha1 policy hashing enabled
[    5.632040] ima: No TPM chip found, activating TPM-bypass!
[    5.633760] ima: Allocated hash algorithm: sha1
[    5.635320] evm: HMAC attrs: 0x1
[    5.659496]   Magic number: 15:61:139
[    5.660922] rtc_cmos rtc_cmos: setting system clock to 2019-08-29 17:07:15 UTC (1567098435)
[    5.663807] BIOS EDD facility v0.16 2004-Jun-25, 0 devices found
[    5.679197] EDD information not available.
[    5.694345] Freeing unused kernel memory: 1484K
[    5.710671] Write protecting the kernel read-only data: 14336k
[    5.731926] Freeing unused kernel memory: 1616K
[    5.770405] Freeing unused kernel memory: 68K
Loading, please wait...
starting version 229
[    5.903788] random: systemd-udevd: uninitialized urandom read (16 bytes read, 3 bits of entropy available)
[    5.917543] random: udevadm: uninitialized urandom read (16 bytes read, 3 bits of entropy available)
[    5.923409] random: systemd-udevd: uninitialized urandom read (16 bytes read, 3 bits of entropy available)
[    5.926652] random: systemd-udevd: uninitialized urandom read (16 bytes read, 3 bits of entropy available)
[    5.929881] random: systemd-udevd: uninitialized urandom read (16 bytes read, 3 bits of entropy available)
[    5.960096] random: udevadm: uninitialized urandom read (16 bytes read, 3 bits of entropy available)
[    6.031902] random: systemd-udevd: uninitialized urandom read (16 bytes read, 3 bits of entropy available)
[    6.068033] random: systemd-udevd: uninitialized urandom read (16 bytes read, 3 bits of entropy available)
[    6.156177] random: udevadm: uninitialized urandom read (16 bytes read, 3 bits of entropy available)
[    6.161135] random: udevadm: uninitialized urandom read (16 bytes read, 3 bits of entropy available)
[    6.510752] e1000: Intel(R) PRO/1000 Network Driver - version 7.3.21-k8-NAPI
[    6.519889] e1000: Copyright (c) 1999-2006 Intel Corporation.
[    6.562318] Fusion MPT base driver 3.04.20
[    6.569285] Copyright (c) 1999-2008 LSI Corporation
[    6.624470] Fusion MPT SPI Host driver 3.04.20
[    6.790168] input: ImExPS/2 Generic Explorer Mouse as /devices/platform/i8042/serio1/input/input4
[    7.231123] e1000 0000:00:03.0 eth0: (PCI:33MHz:32-bit) 02:1e:e5:6d:71:21
[    7.261192] e1000 0000:00:03.0 eth0: Intel(R) PRO/1000 Network Connection
[    7.272015] mptbase: ioc0: Initiating bringup
[    7.335026] ioc0: LSI53C1030 A0: Capabilities={Initiator}
[    7.505069] scsi host2: ioc0: LSI53C1030 A0, FwRev=00000000h, Ports=1, MaxQ=256, IRQ=20
[    7.632728] scsi 2:0:0:0: Direct-Access     VBOX     HARDDISK         1.0  PQ: 0 ANSI: 5
[    7.670879] scsi target2:0:0: Beginning Domain Validation
[    7.673567] scsi target2:0:0: Domain Validation skipping write tests
[    7.675431] scsi target2:0:0: Ending Domain Validation
[    7.677127] scsi target2:0:0: asynchronous
[    7.709906] scsi 2:0:1:0: Direct-Access     VBOX     HARDDISK         1.0  PQ: 0 ANSI: 5
[    7.730314] scsi target2:0:1: Beginning Domain Validation
[    7.786088] scsi target2:0:1: Domain Validation skipping write tests
[    7.788041] scsi target2:0:1: Ending Domain Validation
[    7.799546] scsi target2:0:1: asynchronous
[    7.960602] sd 2:0:0:0: Attached scsi generic sg0 type 0
[    7.969606] sd 2:0:0:0: [sda] 20971520 512-byte logical blocks: (10.7 GB/10.0 GiB)
[    7.987426] sd 2:0:1:0: [sdb] 20480 512-byte logical blocks: (10.5 MB/10.0 MiB)
[    7.990425] sd 2:0:1:0: Attached scsi generic sg1 type 0
[    8.000714] sd 2:0:1:0: [sdb] Write Protect is off
[    8.016609] sd 2:0:0:0: [sda] Write Protect is off
[    8.055759] sd 2:0:1:0: [sdb] Incomplete mode parameter data
[    8.061571] sd 2:0:1:0: [sdb] Assuming drive cache: write through
[    8.093697] sd 2:0:0:0: [sda] Incomplete mode parameter data
[    8.095519] sd 2:0:0:0: [sda] Assuming drive cache: write through
[    8.139243]  sda: sda1
[    8.149765] sd 2:0:1:0: [sdb] Attached SCSI disk
[    8.177470] sd 2:0:0:0: [sda] Attached SCSI disk
[    8.246488] e1000 0000:00:08.0 eth1: (PCI:33MHz:32-bit) 08:00:27:18:d2:5f
[    8.249911] e1000 0000:00:08.0 eth1: Intel(R) PRO/1000 Network Connection
[    8.266055] e1000 0000:00:08.0 enp0s8: renamed from eth1
[    8.323886] e1000 0000:00:03.0 enp0s3: renamed from eth0
Begin: Loading essential drivers ... [   10.559390] md: linear personality registered for level -1
[   10.592816] md: multipath personality registered for level -4
[   10.685406] md: raid0 personality registered for level 0
[   10.730147] md: raid1 personality registered for level 1
[   10.857943] raid6: sse2x1   gen()  4033 MB/s
[   10.957850] raid6: sse2x1   xor()  4513 MB/s
[   11.048471] raid6: sse2x2   gen()  5626 MB/s
[   11.127849] raid6: sse2x2   xor()  6304 MB/s
[   11.200686] raid6: sse2x4   gen()  8270 MB/s
[   11.280922] raid6: sse2x4   xor()  6676 MB/s
[   11.289245] raid6: using algorithm sse2x4 gen() 8270 MB/s
[   11.290991] raid6: .... xor() 6676 MB/s, rmw enabled
[   11.292591] raid6: using ssse3x2 recovery algorithm
[   11.317005] xor: measuring software checksum speed
[   11.397831]    prefetch64-sse: 20513.000 MB/sec
[   11.451792]    generic_sse:  8703.000 MB/sec
[   11.459229] xor: using function: prefetch64-sse (20513.000 MB/sec)
[   11.468100] async_tx: api initialized (async)
[   11.568752] md: raid6 personality registered for level 6
[   11.593455] md: raid5 personality registered for level 5
[   11.595139] md: raid4 personality registered for level 4
[   11.672305] md: raid10 personality registered for level 10
done.
Begin: Running /scripts/init-premount ... done.
Begin: Mounting root file system ... Begin: Running /scripts/local-top ... done.
Begin: Running /scripts/local-premount ... [   11.869239] Btrfs loaded
Scanning for Btrfs filesystems
done.
Warning: fsck not present, so skipping root file system
[   12.116826] EXT4-fs (sda1): mounted filesystem with ordered data mode. Opts: (null)
done.
Begin: Running /scripts/local-bottom ... done.
Begin: Running /scripts/init-bottom ... done.
[   12.878161] systemd[1]: systemd 229 running in system mode. (+PAM +AUDIT +SELINUX +IMA +APPARMOR +SMACK +SYSVINIT +UTMP +LIBCRYPTSETUP +GCRYPT +GNUTLS +ACL +XZ -LZ4 +SECCOMP +BLKID +ELFUTILS +KMOD -IDN)
[   12.905404] systemd[1]: Detected virtualization oracle.
[   12.907661] systemd[1]: Detected architecture x86-64.

Welcome to [1mUbuntu 16.04.6 LTS[0m!

[   12.930248] systemd[1]: Set hostname to <ubuntu>.
[   12.945064] systemd[1]: Initializing machine ID from random generator.
[   12.952931] systemd[1]: Installed transient /etc/machine-id file.
[   13.067747] random: nonblocking pool is initialized
[   13.943156] systemd[1]: Reached target System Time Synchronized.
[[0;32m  OK  [0m] Reached target System Time Synchronized.
[   13.993810] systemd[1]: Listening on udev Control Socket.
[[0;32m  OK  [0m] Listening on udev Control Socket.
[   14.012388] systemd[1]: Set up automount Arbitrary Executable File Formats File System Automount Point.
[[0;32m  OK  [0m] Set up automount Arbitrary Executab...ats File System Automount Point.
[   14.022399] systemd[1]: Reached target User and Group Name Lookups.
[[0;32m  OK  [0m] Reached target User and Group Name Lookups.
[   14.030730] systemd[1]: Listening on /dev/initctl Compatibility Named Pipe.
[[0;32m  OK  [0m] Listening on /dev/initctl Compatibility Named Pipe.
[   14.039438] systemd[1]: Listening on Journal Socket.
[[0;32m  OK  [0m] Listening on Journal Socket.
[   14.073124] systemd[1]: Listening on Journal Audit Socket.
[[0;32m  OK  [0m] Listening on Journal Audit Socket.
[   14.092746] systemd[1]: Listening on Journal Socket (/dev/log).
[[0;32m  OK  [0m] Listening on Journal Socket (/dev/log).
[   14.097547] systemd[1]: Started Trigger resolvconf update for networkd DNS.
[[0;32m  OK  [0m] Started Trigger resolvconf update for networkd DNS.
[   14.105403] systemd[1]: Listening on udev Kernel Socket.
[[0;32m  OK  [0m] Listening on udev Kernel Socket.
[   14.118857] systemd[1]: Started Forward Password Requests to Wall Directory Watch.
[[0;32m  OK  [0m] Started Forward Password Requests to Wall Directory Watch.
[   14.128849] systemd[1]: Reached target Swap.
[[0;32m  OK  [0m] Reached target Swap.
[   14.135168] systemd[1]: Listening on Device-mapper event daemon FIFOs.
[[0;32m  OK  [0m] Listening on Device-mapper event daemon FIFOs.
[   14.161283] systemd[1]: Listening on LVM2 poll daemon socket.
[[0;32m  OK  [0m] Listening on LVM2 poll daemon socket.
[   14.171428] systemd[1]: Listening on Syslog Socket.
[[0;32m  OK  [0m] Listening on Syslog Socket.
[   14.195467] systemd[1]: Created slice User and Session Slice.
[[0;32m  OK  [0m] Created slice User and Session Slice.
[   14.199269] systemd[1]: Listening on LVM2 metadata daemon socket.
[[0;32m  OK  [0m] Listening on LVM2 metadata daemon socket.
[   14.221739] systemd[1]: Reached target Encrypted Volumes.
[[0;32m  OK  [0m] Reached target Encrypted Volumes.
[   14.226296] systemd[1]: Created slice System Slice.
[[0;32m  OK  [0m] Created slice System Slice.
[   14.233196] systemd[1]: Mounting POSIX Message Queue File System...
         Mounting POSIX Message Queue File System...
[   14.247537] systemd[1]: Starting Journal Service...
         Starting Journal Service...
[   14.319364] systemd[1]: Starting Create list of required static device nodes for the current kernel...
         Starting Create list of required st... nodes for the current kernel...
[   14.407561] systemd[1]: Created slice system-serial\x2dgetty.slice.
[[0;32m  OK  [0m] Created slice system-serial\x2dgetty.slice.
[   14.455754] systemd[1]: Mounting Debug File System...
         Mounting Debug File System...
[   14.525571] systemd[1]: Starting Monitoring of LVM2 mirrors, snapshots etc. using dmeventd or progress polling...
         Starting Monitoring of LVM2 mirrors... dmeventd or progress polling...
[   14.609793] systemd[1]: Starting Set console keymap...
         Starting Set console keymap...
[   14.698833] systemd[1]: Starting Load Kernel Modules...
         Starting Load Kernel Modules...
[   14.747797] systemd[1]: Starting Nameserver information manager...
         Starting Nameserver information manager...
[   14.883633] systemd[1]: Starting Remount Root and Kernel File Systems...
         Starting Remount[   14.949023] Loading iSCSI transport class v2.0-870.
 Root and Kernel File Systems...
[   15.010725] systemd[1]: Reached target Slices.
[[0;32m  OK  [0m] Reached target Slices.
[   15.022932] systemd[1]: Starting Uncomplicated firewall...
         Starting Uncomplicated firewall...
[   15.064699] systemd[1]: Mounting Huge Pages File System...
[   15.097284] EXT4-fs (sda1): re-mounted. Opts: (null)
         Mounting Huge Pages File System...
[   15.170181] systemd[1]: Mounted POSIX Message Queue File System.
[[0;32m  OK  [0m] Mounted POSIX Message Queue File System.
[   15.185048] systemd[1]: Mounted Debug File System.
[[0;32m  OK  [0m] Mounted Debug File System.
[   15.201797] systemd[1]: Started Journal Service.
[[0;32m  OK  [0m] Started Journal Service.
[[0;32m  OK  [0m] Mounted Huge Pages File System.
[[0;32m  OK  [0m] Started Create list of required sta...ce nodes for the current kernel.
[[0;32m  OK  [0m] Started Remount Root and Kernel File Systems.[   15.375467] iscsi: registered transport (tcp)

[[0;32m  OK  [0m] Started Uncomplicated firewall.
[[0;32m  OK  [0m] Started Nameserver information manager.
[[0;32m  OK  [0m] Started LVM2 metadata daemon.
         Starting udev Coldplug all Devices...
         Starting Load/Save Random Seed...
         Starting Create Static Device Nodes in /dev...
         Starting Flush Journal to Persistent Storage...[   15.963873] iscsi: registered transport (iser)

[[0;32m  OK  [0m] Started Load/Save Random Seed.
[   16.138345] systemd-journald[341]: Received request to flush runtime journal from PID 1
[[0;32m  OK  [0m] Started Set console keymap.
[[0;32m  OK  [0m] Started Create Static Device Nodes in /dev.
[[0;32m  OK  [0m] Started Load Kernel Modules.
[[0;32m  OK  [0m] Started Flush Journal to Persistent Storage.
         Mounting FUSE Control File System...
         Starting Apply Kernel Variables...
         Starting udev Kernel Device Manager...
[[0;32m  OK  [0m] Mounted FUSE Control File System.
[[0;32m  OK  [0m] Started Monitoring of LVM2 mirrors,...ng dmeventd or progress polling.
[[0;32m  OK  [0m] Started Apply Kernel Variables.
[[0;32m  OK  [0m] Reached target Local File Systems (Pre).
[[0;32m  OK  [0m] Reached target Local File Systems.
         Starting Tell Plymouth To Write Out Runtime Data...
         Starting Initial cloud-init job (pre-networking)...
         Starting Set console font and keymap...
         Starting LSB: AppArmor initialization...
         Starting Create Volatile Files and Directories...
         Starting Commit a transient machine-id on disk...
[[0;32m  OK  [0m] Started udev Kernel Device Manager.
[[0;32m  OK  [0m] Started Tell Plymouth To Write Out Runtime Data.
[[0;32m  OK  [0m] Started Commit a transient machine-id on disk.
[[0;32m  OK  [0m] Started Create Volatile Files and Directories.
         Starting Update UTMP about System Boot/Shutdown...
[[0;32m  OK  [0m] Started Update UTMP about System Boot/Shutdown.
[[0;32m  OK  [0m] Started udev Coldplug all Devices.
[[0;32m  OK  [0m] Started Dispatch Password Requests to Console Directory Watch.
[[0;32m  OK  [0m] Found device /dev/ttyS0.
[[0;32m  OK  [0m] Listening on Load/Save RF Kill Switch Status /dev/rfkill Watch.
[[0;32m  OK  [0m] Started LSB: AppArmor initialization.
[   22.251995] cloud-init[459]: Cloud-init v. 19.1-1-gbaa47854-0ubuntu1~16.04.1 running 'init-local' at Thu, 29 Aug 2019 17:07:33 +0000. Up 19.45 seconds.
[[0;32m  OK  [0m] Started Initial cloud-init job (pre-networking).
[[0;32m  OK  [0m] Reached target Network (Pre).
         Starting Raise network interfaces...
[[0;32m  OK  [0m] Started Set console font and keymap.
[[0;32m  OK  [0m] Created slice system-getty.slice.
[[0;32m  OK  [0m] Started Raise network interfaces.
         Starting Initial cloud-init job (metadata service crawler)...
[[0;32m  OK  [0m] Reached target Network.
[   29.658608] cloud-init[963]: Cloud-init v. 19.1-1-gbaa47854-0ubuntu1~16.04.1 running 'init' at Thu, 29 Aug 2019 17:07:40 +0000. Up 26.68 seconds.
[   29.765067] cloud-init[963]: ci-info: ++++++++++++++++++++++++++++++++++++++Net device info+++++++++++++++++++++++++++++++++++++++
[   29.836442] cloud-init[963]: ci-info: +--------+-------+----------------------------+---------------+--------+-------------------+
[   29.849668] cloud-init[963]: ci-info: | Device |   Up  |          Address           |      Mask     | Scope  |     Hw-Address    |
[   29.861601] cloud-init[963]: ci-info: +--------+-------+----------------------------+---------------+--------+-------------------+
[   29.873531] cloud-init[963]: ci-info: | enp0s3 |  True |         10.0.2.15          | 255.255.255.0 | global | 02:1e:e5:6d:71:21 |[
[   29.885439] cloud-init[963]: ci-info: | enp0s3 |  True | fe80::1e:e5ff:fe6d:7121/64 |       .       |  link  | 02:1e:e5:6d:71:21 |[0;32m  OK  [0m] Started Initial cloud-init job (metadata service crawler).
[[0;32m  OK  [0m] Reached target Network is Online.

[   29.896845] cloud-init[963]: ci-info: | enp0s8 | False |             .              |       .       |   .    | 08:00:27:18:d2:5f |
[   29.905237] cloud-init[963]: ci-info: |   lo   |  True |         127.0.0.1          |   255.0.0.0   |  host  |         .         |
[   29.917170] cloud-init[963]: ci-info: |   lo   |  True |          ::1/128           |       .       |  host  |         .         |
         [   29.993642] cloud-init[963]: ci-info: +--------+-------+----------------------------+---------------+--------+-------------------+Starting iSCSI initiator daemon (iscsid)...
[[0;32m  OK  [0m] Reached target Cloud-config availability.
[[0;32m  OK  [0m
[   30.011489] ] Reached target System Initialization.
[cloud-init[963]: ci-info: +++++++++++++++++++++++++++Route IPv4 info++++++++++++++++++++++++++++[0;32m  OK  [0m] Listening on D-Bus System Message Bus Socket.

[   30.025394] cloud-init[963]: ci-info: +-------+-------------+----------+---------------+-----------+-------+
[   30.028249] cloud-init[963]: ci-info: | Route | Destination | Gateway  |    Genmask    | Interface | Flags |
         Starting LXD - unix socket.
         [   30.055749] cloud-init[963]: ci-info: +-------+-------------+----------+---------------+-----------+-------+
[   30.080296] Starting Socket activation for snappy daemon.
[[0;32m  OK  [0mcloud-init[963]: ci-info: |   0   |   0.0.0.0   | 10.0.2.2 |    0.0.0.0    |   enp0s3  |   UG  |] Listening on UUID daemon activation socket.

[   30.108401] cloud-init[963]: ci-info: |   1   |   10.0.2.0  | 0.0.0.0  | 255.255.255.0 |   enp0s3  |   U   |[[0;32m  OK  [0m] Started ACPI Events Check.
[[0;32m  OK  [0m] Reached target Paths.

[   30.125010] cloud-init[963]: ci-info: +-------+-------------+----------+---------------+-----------+-------+[[0;32m  OK  [0m] Listening on ACPID Listen Socket.
[[0;32m  OK  [0m] Started Daily Cleanup of Temporary Directories.
[[0;32m  OK  [0m] Started Daily apt download activities.

[   30.220478] cloud-init[963]: ci-info: +++++++++++++++++++Route IPv6 info+++++++++++++++++++
[[0;32m  OK  [0m] Started Daily apt upgrade and clean activities.
[   30.225505] cloud-init[963]: ci-info: +-------+-------------+---------+-----------+-------+
[[0;32m  OK  [0m] Reached target Timers.
[   30.231608] cloud-init[963]: ci-info: | Route | Destination | Gateway | Interface | Flags |
[   30.282055] cloud-init[963]: ci-info: +-------+-------------+---------+-----------+-------+
[[0;32m  OK  [0m] Listening on LXD - unix socket.
[[0;32m  OK  [0m] Listening on Socket activation for snappy daemon.
[[0;32m  OK  [0m] Started iSCSI initiator daemon (iscsid).
[   30.296274] cloud-init[963]: ci-info: |   0   |  fe80::/64  |    ::   |   enp0s3  |   U   |
[   30.446864] cloud-init[963]: ci-info: |   4   |   ff00::/8  |    ::   |   enp0s3  |   U   |
[   30.464472] cloud-init[963]: ci-info: +-------+-------------+---------+-----------+-------+
[   30.465113] cloud-init[963]: Generating public/private rsa key pair.
[   30.465404] cloud-init[963]: Your identification has been saved in /etc/ssh/ssh_host_rsa_key.
[   30.465806] cloud-init[963]: Your public key has been saved in /etc/ssh/ssh_host_rsa_key.pub.
[   30.466637] cloud-init[963]: The key fingerprint is:
[   30.466999] cloud-init[963]: SHA256:02FqNX3yMJzsAVxz3E2ALmhL2LUj4ybiVIevplY3UM0 root@ubuntu-xenial
         Starting Login to default iSCSI targets...
[   30.468881] cloud-init[963]: The key's randomart image is:
[   30.490151] cloud-init[963]: +---[RSA 2048]----+
[   30.491616] cloud-init[963]: |         +..ooo+o|
[[0;32m  OK  [0m] Reached target Sockets.
[[0;32m  OK  [0m] Reached target Basic System.[   30.492434] cloud-init[963]: |        . E=.+. o|

         [   30.522842] cloud-init[963]: |       = o=oX .  |
[   30.527599] cloud-init[963]: |      = O=++.B   |
[   30.527842] cloud-init[963]: |     . BS+.o. .  |
[   30.528068] cloud-init[963]: |    o o.B.       |
[   30.528355] cloud-init[963]: |   o o = .       |
[   30.528577] cloud-init[963]: |    o o          |
[   30.528802] cloud-init[963]: |   ..o           |
[   30.529029] cloud-init[963]: +----[SHA256]-----+
[   30.529253] cloud-init[963]: Generating public/private dsa key pair.
[   30.529475] cloud-init[963]: Your identification has been saved in /etc/ssh/ssh_host_dsa_key.
[   30.529700] cloud-init[963]: Your public key has been saved in /etc/ssh/ssh_host_dsa_key.pub.
[   30.529920] cloud-init[963]: The key fingerprint is:
[   30.530180] cloud-init[963]: SHA256:RDZdHR13b6x+s25DlYyuUpYX22Shz3C4344CvwlpqIE root@ubuntu-xenial
[   30.531075] cloud-init[963]: The key's randomart image is:
[   30.531365] cloud-init[963]: +---[DSA 1024]----+
[   30.531590] cloud-init[963]: |        +. ....++|
[   30.531811] cloud-init[963]: |       o ..   .o=|
[   30.532035] cloud-init[963]: |        .     = *|
[   30.532261] cloud-init[963]: |       .     * O.|
[   30.532519] cloud-init[963]: |        S   o & .|
[   30.532745] cloud-init[963]: |     .   ..= * = |
[   30.532968] cloud-init[963]: |    E . . *oo +.o|
Starting Accounts Service...
[   30.533190] cloud-init[963]: |       o o oo. *+|
[[0;32m  OK  [0m] Started ACPI event daemon.
[   30.695460] cloud-init[963]: |      .   . oo++o|
[   30.774354] cloud-init[963]: +----[SHA256]-----+
         Starting Login Service...
         Starting /etc/rc.local Compatibility...
[   30.820341] cloud-init[963]: Generating public/private ecdsa key pair.
[   30.906800] cloud-init[963]: Your identification has been saved in /etc/ssh/ssh_host_ecdsa_key.[[0;32m  OK  [0m] Started Deferred execution scheduler.

[   30.963673] cloud-init[963]: Your public key has been saved in /etc/ssh/ssh_host_ecdsa_key.pub.[[0;32m  OK  [0m] Started Regular background program processing daemon.

         Starting System Logging Service...
[   31.042377] cloud-init[963]: The key fingerprint is:
         Starting Virtualbox guest utils...
[   31.105901] cloud-init[963]: SHA256:+mZfbI2bYCT+ZX/2wQ/cWfzv3YW+YvU7LIJ66b6GZuQ root@ubuntu-xenial
[   31.161928] cloud-init[963]: The key's randomart image is:[[0;32m  OK  [0m] Started D-Bus System Message Bus.

[   31.194105] cloud-init[963]: +---[ECDSA 256]---+
[   31.280536] cloud-init[963]: |                 |
[   31.282524] cloud-init[963]: |                 |
[   31.293791] cloud-init[963]: |                 |
[   31.303463] cloud-init[963]: |               . |
[   31.315270] cloud-init[963]: |        S .     o|
[   31.317316] cloud-init[963]: |       + o . +oo+|
[   31.344553] cloud-init[963]: |      + o = B.*=+|
[[   31.434624] cloud-init[963]: |       EoB Bo* +@|
[   31.447182] cloud-init[963]: |      o+B=+.+.=*@|
[   31.447677] cloud-init[963]: +----[SHA256]-----+
[   31.448197] cloud-init[963]: Generating public/private ed25519 key pair.
[   31.448541] cloud-init[963]: Your identification has been saved in /etc/ssh/ssh_host_ed25519_key.
[   31.448892] cloud-init[963]: Your public key has been saved in /etc/ssh/ssh_host_ed25519_key.pub.
[   31.449239] cloud-init[963]: The key fingerprint is:
[   31.449588] cloud-init[963]: SHA256:29v+4JboqQRkVTko7R3K9ZI9+impWpTZjkEK5Vbk7Wc root@ubuntu-xenial
[   31.449940] cloud-init[963]: The key's randomart image is:
[   31.450280] cloud-init[963]: +--[ED25519 256]--+
[   31.450627] cloud-init[963]: |      .o+o..     |
[   31.450979] cloud-init[963]: |     o.+o.=      |
[0;32m  OK  [0m] Started FUSE filesystem for LXC.
         Starting LSB: Record successful boot for GRUB...
         Starting LSB: MD monitoring daemon...
[   31.484296] cloud-init[963]: |    . =+o+.*     |
         Starting Pollinate to seed the pseudo random number generator...
[   31.620297] cloud-init[963]: |     = o+=+ +    |
[   31.710204] cloud-init[963]: |      o S ooE.   |
         Starting Snappy daemon...
[   31.821542] cloud-init[963]: |       o *.o     |
         Starting LXD - container startup/shutdown...
[   31.933311] cloud-init[963]: |        = o+.o   |[[0;32m  OK  [0m] Started System Logging Service.
[[0;32m  OK  [0m] Started /etc/rc.local Compatibility.

[   32.152517] cloud-init[963]: |       o  +==.   |
[   32.190254] cloud-init[963]: |      ..o++++..  |
[   32.304128] cloud-init[963]: +----[SHA256]-----+
[[0;32m  OK  [0m] Started Login Service.
[[0;32m  OK  [0m] Started Unattended Upgrades Shutdown.
         Starting Authenticate and Authorize Users to Run Privileged Tasks...
[[0;32m  OK  [0m] Started Login to default iSCSI targets.
[[0;32m  OK  [0m] Reached target Remote File Systems (Pre).
[[0;32m  OK  [0m] Reached target Remote File Systems.
         Starting LSB: automatic crash report generation...
         Starting LSB: Set the CPU Frequency Scaling governor to "ondemand"...
         Starting Permit User Sessions...
         Starting LSB: daemon to balance interrupts for SMP systems...
[[0;32m  OK  [0m] Started Permit User Sessions.
         Starting Terminate Plymouth Boot Screen...
         Starting Hold until boot process finishes up...
[[0;32m  OK  [0m] Started Terminate Plymouth Boot Screen.
[[0;32m  OK  [0m] Started Hold until boot process finishes up.
[[0;32m  OK  [0m] Started Serial Getty on ttyS0.
[[0;32m  OK  [0m] Started Getty on tty1.
[[0;32m  OK  [0m] Reached target Login Prompts.
         Starting Set console scheme...
[[0;32m  OK  [0m] Started LSB: Record successful boot for GRUB.
[[0;32m  OK  [0m] Started LSB: MD monitoring daemon.
[[0;32m  OK  [0m] Started Authenticate and Authorize Users to Run Privileged Tasks.
[[0;32m  OK  [0m] Started Set console scheme.
[[0;32m  OK  [0m] Started Accounts Service.
[[0;32m  OK  [0m] Started LSB: Set the CPU Frequency Scaling governor to "ondemand".
[[0;32m  OK  [0m] Started LXD - container startup/shutdown.
[[0;32m  OK  [0m] Started LSB: daemon to balance interrupts for SMP systems.
[[0;32m  OK  [0m] Started LSB: automatic crash report generation.
[[0;32m  OK  [0m] Started Virtualbox guest utils.
[[0;32m  OK  [0m] Started Snappy daemon.
         Starting Wait until snapd is fully seeded...
[[0;32m  OK  [0m] Started Pollinate to seed the pseudo random number generator.
         Starting OpenBSD Secure Shell server...

Ubuntu 16.04.6 LTS ubuntu-xenial ttyS0

ubuntu-xenial login: [   49.186930] cloud-init[1512]: Generating locales (this might take a while)...
[   52.510892] cloud-init[1512]:   en_US.UTF-8... done
[   52.559898] cloud-init[1512]: Generation complete.
[   55.138901] cloud-init[1512]: Cloud-init v. 19.1-1-gbaa47854-0ubuntu1~16.04.1 running 'modules:config' at Thu, 29 Aug 2019 17:08:02 +0000. Up 48.44 seconds.
ci-info: no authorized ssh keys fingerprints found for user ubuntu.
<14>Aug 29 17:08:11 ec2: 
<14>Aug 29 17:08:11 ec2: #############################################################
<14>Aug 29 17:08:11 ec2: -----BEGIN SSH HOST KEY FINGERPRINTS-----
<14>Aug 29 17:08:11 ec2: 1024 SHA256:RDZdHR13b6x+s25DlYyuUpYX22Shz3C4344CvwlpqIE root@ubuntu-xenial (DSA)
<14>Aug 29 17:08:11 ec2: 256 SHA256:+mZfbI2bYCT+ZX/2wQ/cWfzv3YW+YvU7LIJ66b6GZuQ root@ubuntu-xenial (ECDSA)
<14>Aug 29 17:08:11 ec2: 256 SHA256:29v+4JboqQRkVTko7R3K9ZI9+impWpTZjkEK5Vbk7Wc root@ubuntu-xenial (ED25519)
<14>Aug 29 17:08:11 ec2: 2048 SHA256:02FqNX3yMJzsAVxz3E2ALmhL2LUj4ybiVIevplY3UM0 root@ubuntu-xenial (RSA)
<14>Aug 29 17:08:11 ec2: -----END SSH HOST KEY FINGERPRINTS-----
<14>Aug 29 17:08:11 ec2: #############################################################
-----BEGIN SSH HOST KEY KEYS-----
ecdsa-sha2-nistp256 AAAAE2VjZHNhLXNoYTItbmlzdHAyNTYAAAAIbmlzdHAyNTYAAABBBJXj1hoi24TgdQukhk9ZpndOU2JOmDIGWJkpqj7kOsewSnxoTq1mI6vcUDIzMrGXk8XcJEwwy5wSvmhrYLxjtjg= root@ubuntu-xenial
ssh-ed25519 AAAAC3NzaC1lZDI1NTE5AAAAIFPoPlTAigwaO+zuHkhKv2nrtJVL6i/KOVuRlrpXDLe5 root@ubuntu-xenial
ssh-rsa AAAAB3NzaC1yc2EAAAADAQABAAABAQChEuNm+dMqONg8NPStsbMfcqV+4nTHyLc1+Ptou15F5MoJ5nYG85DxfELNCcBjp2PH5imIGxLB6oeBe+wSZJtlpfpHc+RtIJXjJPfv7mDSrmPpAEZBwn2jRMCrC9WOSmZiOuaXS52SiXB6H4SZghLC1DLsOf+Omrph8O+uAjnnLUJ2Lcir1maYNluSTFbv1z2Dvq/RjfgcP4Zvarg65Z7s2BU+rZXaU8Nh3SPVFtB1kIS+bP0xa6W5oRLOnkC+pLWN25omSmSjtTf1k5XM59xJBz6v5Z3jQlSeE5+LtUDEVbI9oRjVjA2u4wAof9DbKhw9/a/qIeta9aa2HzzMrvoj root@ubuntu-xenial
-----END SSH HOST KEY KEYS-----
[   57.753796] cloud-init[1767]: Cloud-init v. 19.1-1-gbaa47854-0ubuntu1~16.04.1 running 'modules:final' at Thu, 29 Aug 2019 17:08:10 +0000. Up 56.82 seconds.
[   57.755711] cloud-init[1767]: ci-info: no authorized ssh keys fingerprints found for user ubuntu.
[   57.760896] cloud-init[1767]: Cloud-init v. 19.1-1-gbaa47854-0ubuntu1~16.04.1 finished at Thu, 29 Aug 2019 17:08:11 +0000. Datasource DataSourceNoCloud [seed=/dev/sdb][dsmode=net].  Up 57.70 seconds
