[    0.000000] Initializing cgroup subsys cpuset
[    0.000000] Initializing cgroup subsys cpu
[    0.000000] Initializing cgroup subsys cpuacct
[    0.000000] Linux version 4.4.0-154-generic (buildd@lgw01-amd64-049) (gcc version 5.4.0 20160609 (Ubuntu 5.4.0-6ubuntu1~16.04.10) ) #181-Ubuntu SMP Tue Jun 25 05:29:03 UTC 2019 (Ubuntu 4.4.0-154.181-generic 4.4.179)
[    0.000000] Command line: BOOT_IMAGE=/boot/vmlinuz-4.4.0-154-generic root=LABEL=cloudimg-rootfs ro console=tty1 console=ttyS0
[    0.000000] KERNEL supported cpus:
[    0.000000]   Intel GenuineIntel
[    0.000000]   AMD AuthenticAMD
[    0.000000]   Centaur CentaurHauls
[    0.000000] x86/fpu: Legacy x87 FPU detected.
[    0.000000] e820: BIOS-provided physical RAM map:
[    0.000000] BIOS-e820: [mem 0x0000000000000000-0x000000000009fbff] usable
[    0.000000] BIOS-e820: [mem 0x000000000009fc00-0x000000000009ffff] reserved
[    0.000000] BIOS-e820: [mem 0x00000000000f0000-0x00000000000fffff] reserved
[    0.000000] BIOS-e820: [mem 0x0000000000100000-0x000000003ffeffff] usable
[    0.000000] BIOS-e820: [mem 0x000000003fff0000-0x000000003fffffff] ACPI data
[    0.000000] BIOS-e820: [mem 0x00000000fec00000-0x00000000fec00fff] reserved
[    0.000000] BIOS-e820: [mem 0x00000000fee00000-0x00000000fee00fff] reserved
[    0.000000] BIOS-e820: [mem 0x00000000fffc0000-0x00000000ffffffff] reserved
[    0.000000] NX (Execute Disable) protection: active
[    0.000000] SMBIOS 2.5 present.
[    0.000000] Hypervisor detected: KVM
[    0.000000] e820: last_pfn = 0x3fff0 max_arch_pfn = 0x400000000
[    0.000000] MTRR: Disabled
[    0.000000] x86/PAT: MTRRs disabled, skipping PAT initialization too.
[    0.000000] CPU MTRRs all blank - virtualized system.
[    0.000000] x86/PAT: Configuration [0-7]: WB  WT  UC- UC  WB  WT  UC- UC  
    0.000000] found SMP MP-table at [mem 0x0009fff0-0x0009ffff] mapped at [ffff88000009fff0]

[    0.000000] Scanning 1 areas for low memory corruption
[    0.000000] RAMDISK: [mem 0x362fa000-0x37174fff]
[    0.000000] ACPI: Early table checksum verification disabled
[    0.000000] ACPI: RSDP 0x00000000000E0000 000024 (v02 VBOX  )
[    0.000000] ACPI: XSDT 0x000000003FFF0030 00003C (v01 VBOX   VBOXXSDT 00000001 ASL  00000061)
[    0.000000] ACPI: FACP 0x000000003FFF00F0 0000F4 (v04 VBOX   VBOXFACP 00000001 ASL  00000061)
[    0.000000] ACPI: DSDT 0x000000003FFF0470 0021FF (v02 VBOX   VBOXBIOS 00000002 INTL 20180105)
[    0.000000] ACPI: FACS 0x000000003FFF0200 000040
[    0.000000] ACPI: FACS 0x000000003FFF0200 000040
[    0.000000] ACPI: APIC 0x000000003FFF0240 00005C (v02 VBOX   VBOXAPIC 00000001 ASL  00000061)
[    .00000] ACPI: SDT 0x000000003FFF02A0 0001CC (v01 VBOX   VBOXCPUT 00000002 INTL 20180105)
[    0.000000] No NUMA configuration found
[    0.000000] Faking a node at [mem 0x0000000000000000-0x000000003ffeffff]
[    0.000000] NODE_DATA(0) allocated [mem 0x3ffeb000-0x3ffeffff]
[    0.000000] kvm-clock: Using msrs 4b564d01 and 4b564d00
[    0.000000] kvm-clock: cpu 0, msr 0:3ffe3001, primary cpu clock
[    0.000000] kvm-clock: using sched offset of 5034841401 cycles
[    0.000000] clocksource: kvm-clock: mask: 0xffffffffffffffff max_cycles: 0x1cd42e4dffb, max_idle_ns: 881590591483 ns
[    0.000000] Zone ranges:
[    0.000000]   DMA      [mem 0x0000000000001000-0x0000000000ffffff]
[    0.000000]   DMA32    [mem 0x0000000001000000-0x000000003ffeffff]
[    0.000000]   Normal   empty
[    0.000000]   Device   empty
[    0.000000] Movable zone start for each noe
[    0.000000] Early memory node ranges
[   0.000000]   node   0: [mem 0x0000000000001000-0x000000000009efff]
[    0.000000]   node   0: [mem 0x0000000000100000-0x000000003ffeffff]
[    0.000000] Initmem setup node 0 [mem 0x0000000000001000-0x000000003ffeffff]
[    0.000000] ACPI: PM-Timer IO Port: 0x4008
[    0.000000] IOAPIC[0]: apic_id 2, version 32, address 0xfec00000, GSI 0-23
[    0.000000] ACPI: INT_SRC_OVR (bus 0 bus_irq 0 global_irq 2 dfl dfl)
[    0.000000] ACPI: INT_SRC_OVR (bus 0 bus_irq 9 global_irq 9 low level)
[    0.000000] Using ACPI (MADT) fo SMP configuraatin nformation
[    0.000000] smpboot: Allowing 2 CPUs, 0 hotplug CPUs
[    0.000000] PM: Registered nosave memory: [mem 0x00000000-0x00000fff]
[    0.000000] PM: Registered nosave memory: [mem 0x0009f000-0x0009ffff]
[    0.000000] PM: Registered nosve memry: [mem 0x000a0000-0x000effff]
[    0.000000] PM: Registered nosave memory: [mm 0x000f0000-0x000fffff]
[    0.000000] e820: [mem 0x40000000-0xfebfffff] available for PCI devices
[    0.000000] Booting paravirtualized kernel on KVM
[    0.000000] clocksource: refined-jiffies: mask: 0xffffffff max_cycles: 0xffffffff, max_idle_ns: 7645519600211568 ns
[    0.000000] setup_percpu: NR_CPUS:512 nr_cpumask_bits:512 nr_cpu_ids:2 nr_node_ids:1
[    0.000000] PERCPU: Embedded 34 pages/cpu @ffff88003fc00000 s99480 r8192 d31592 u1048576
[    0.000000] Built 1 zonelists in Node order, mobility grouping on.  Total pages: 257912
[    0.000000] Policy zone: DMA32
[    0.000000] Kernel command line: BOOT_IMAGE=/boot/vmlinuz-4.4.0-154-generic root=LABEL=cloudimg-rootfs ro console=tty1 console=ttyS0
[    0.000000] PID hash table entries: 4096 (order: 3, 32768 bytes)
[    0.000000] Memory: 997732K/1048120K available (8613K kernel code, 1335K rwdata, 4028K rodata, 1484K iit, 1284K bss, 50388K reserved, 0K cma-reserved)
[    0.000000] SLUB: HWalign=64, Order=0-3, MinObjects=0, CPUs=2, Nodes=1
[    0.000000] Kernel/User page tables isolation: enabled
[    0.000000] Hierarchical RCU implementation.
[    0.000000] 	Build-time adjustment of leaf fanout to 64.
[    0.000000] 	RCU restricting CPUs from NR_CPUS=512 to nr_cpu_ids=2.
[    0.000000] RCU: Adjusting geometry for rcu_fanout_leaf=64, nr_cpu_ids=2
[    0.000000] NR_IRQS:33024 nr_irqs:440 16
[    0.000000] Console: colour VGA+ 80x25
[    0.000000] console [tty1] enabled
[    0.000000] console [ttyS0] enabled
[    0.000000] tsc: Detected 2992.498 MHz processor

[    1.681834] Calibrating delay loop (skipped) preset value.. 5984.99 BogoMIPS (lpj=11969992)
[    1.733347] pid_max: default: 32768 minimum: 301
[    1.735512] ACPI: Core revision 20150930
[    1.738762] ACPI: 2 ACPI AML tables successfully acquired and loaded
[    1.741802] Security Framework initialized
[    1.743820] Yama: becoming mindful.
[    1.745698] AppArmor: AppArmor initialized
[    1.747833] Dentry cache hash table entries: 131072 (order: 8, 1048576 bytes)
[    1.751459] Inode-cache hash table entries: 65536 (order: 7, 524288 bytes)
[    1.754770] Mount-cache hash table entries: 2048 (order: 2, 16384 bytes)
[    1.757694] Mountpoint-cache hash table entries: 2048 (order: 2, 16384 bytes)
[    1.761641] Initializing cgroup subsys io
[    1.763591] Initializing cgroup subsys memory
[    1.765676] Initializing cgroup subsys devices
[    1.767923] Initializing cgroup subsys freezer
[    1.770101] Initializing cgroup subsys net_cls
[    1.772500] Initializing cgroup subsys perf_event
[    1.775036] Initializing cgroup subsys net_prio
[    1.777379] Initializing cgroup subsys hugetlb
[    1.779706] Initializing cgroup subsys pids
[    1.781679] mce: CPU supports 0 MCE banks
[    1.783141] Last level iTLB entries: 4KB 128, 2MB 4, 4MB 4
[    1.784884] Last level dTLB entries: 4KB 256, 2MB 0, 4MB 32, 1GB 0
[    1.786753] Spectre V2 : Mitigation: Full generic retpoline
[    1.788512] Spectre V2 : Spectre v2 / SpectreRSB mitigation: Filling RSB on context switch
[    1.791305] Speculative Store Bypass: Vulnerable
[    1.818607] MDS: Vulnerable: Clear CPU buffers attempted, no microcode
[    1.824136] Freeing SMP alternatives memory: 36K
[    1.911400] ftrace: allocating 32299 entries in 127 pages
[    1.981995] smpboot: APIC(0) Converting physical 0 to logical package 0
[    2.040460] smpboot: Max logical packages: 1
[    2.042496] x2apic enabled
[    2.044152] Switched APIC routing to physical x2apic.
[    2.048163] ..TIMER: vector=0x30 apic1=0 pin1=2 apic2=-1 pin2=-1
[    2.155298] smpboot: CPU0: Intel(R) Core(TM)2 Duo CPU     E8400  @ 3.00GHz (family: 0x6, model: 0x17, stepping: 0xa)
[    2.168092] Performance Events: unsupported p6 CPU model 23 no PMU driver, software events only.
[    2.312582] KVM setup paravirtual spinlock
[    2.381268] x86: Booting SMP configuration:
[    2.382701] .... node  #0, CPUs:      #1
[    2.427593] kvm-clock: cpu 1, msr 0:3ffe3041, secondary cpu clock
[    2.442434] mce: CPU supports 0 MCE banks
[    2.445604] x86: Booted up 1 node, 2 CPUs
[    2.452834] smpboot: Total of 2 processors activated (11969.99 BogoMIPS)
[    2.455467] devtmpfs: initialized
[    2.459519] evm: security.selinux
[    2.460769] evm: security.SMACK64
[    2.462012] evm: security.SMACK64EXEC
[    2.463341] evm: security.SMACK64TRANSMUTE
[    2.464777] evm: security.SMACK64MMAP
[    2.466104] evm: security.ima
[    2.467275] evm: security.capability
[    2.468793] clocksource: jiffies: mask: 0xffffffff max_cycles: 0xffffffff, max_idle_ns: 7645041785100000 ns
[    2.471950] futex hash table entries: 512 (order: 3, 32768 bytes)
[    2.473958] pinctrl core: initialized pinctrl subsystem
[    2.475798] RTC time: 17:02:11, date: 08/22/19
[    2.477682] NET: Registered protocol family 16
[    2.495264] cpuidle: using governor ladder
[    2.511328] cpuidle: using governor menu
[    2.517924] PCCT header not found.
[    2.519238] ACPI: bus type PCI registered
[    2.577208] acpiphp: ACPI Hot Plug PCI Controller Driver version: 0.5
[    2.579251] PCI: Using configuration type 1 for base access
[    2.596002] ACPI: Added _OSI(Module Device)
[    2.597420] ACPI: Added _OSI(Processor Device)
[    2.598901] ACPI: Added _OSI(3.0 _SCP Extensions)
[    2.640978] ACPI: Added _OSI(Processor Aggregator Device)
[    2.734362] ACPI: Executed 1 blocks of module-level executable AML code
[    2.766214] ACPI: Interpreter enabled
[    2.776651] ACPI: (supports S0 S5)
[    2.793180] ACPI: Using IOAPIC for interrupt routing
[    2.794989] PCI: Using host bridge windows from ACPI; if necessary, use "pci=nocrs" and report a bug
[    2.802514] ACPI: PCI Root Bridge [PCI0] (domain 0000 [bus 00-ff])
[    2.903179] acpi PNP0A03:00: _OSC: OS supports [ASPM ClockPM Segments MSI]
[    3.040988] acpi PNP0A03:00: _OSC: not requesting OS control; OS requires [ExtendedConfig ASPM ClockPM MSI]
[    3.130840] acpi PNP0A03:00: fail to add MMCONFIG information, can't access extended PCI configuration space under this bridge.
[    3.134669] PCI host bridge to bus 0000:00
[    3.200125] pci_bus 0000:00: root bus resource [io  0x0000-0x0cf7 window]
[    3.329713] pci_bus 0000:00: root bus resource [io  0x0d00-0xffff window]
[    3.331703] pci_bus 0000:00: root bus resource [mem 0x000a0000-0x000bffff window]
[    3.334280] pci_bus 0000:00: root bus resource [mem 0x40000000-0xfdffffff window]
[    3.336873] pci_bus 0000:00: root bus resource [bus 00-ff]
[    3.455640] pci 0000:00:01.1: legacy IDE quirk: reg 0x10: [io  0x01f0-0x01f7]
[    3.457691] pci 0000:00:01.1: legacy IDE quirk: reg 0x14: [io  0x03f6]
[    3.459635] pci 0000:00:01.1: legacy IDE quirk: reg 0x18: [io  0x0170-0x0177]
[    3.461710] pci 0000:00:01.1: legacy IDE quirk: reg 0x1c: [io  0x0376]
[    3.490210] pci 0000:00:07.0: quirk: [io  0x4000-0x403f] claimed by PIIX4 ACPI
[    3.500432] pci 0000:00:07.0: quirk: [io  0x4100-0x410f] claimed by PIIX4 SMB
[    3.513433] ACPI: PCI Interrupt Link [LNKA] (IRQs 5 9 10 *11)
[    3.521505] ACPI: PCI Interrupt Link [LNKB] (IRQs 5 9 *10 11)
[    3.523943] ACPI: PCI Interrupt Link [LNKC] (IRQs 5 *9 10 11)
[    3.531751] ACPI: PCI Interrupt Link [LNKD] (IRQs 5 9 10 *11)
[    3.534248] ACPI: Enabled 2 GPEs in block 00 to 07
[    3.560601] vgaarb: setting as boot device: PCI:0000:00:02.0
[    3.564481] vgaarb: device added: PCI:0000:00:02.0,decodes=io+mem,owns=io+mem,locks=none
[    3.567233] vgaarb: loaded
[    3.568342] vgaarb: bridge control possible 0000:00:02.0
[    3.570646] SCSI subsystem initialized
[    3.572476] ACPI: bus type USB registered
[    3.573925] usbcore: registered new interface driver usbfs
[    3.581011] usbcore: registered new interface driver hub
[    3.582709] usbcore: registered new device driver usb
[    3.591206] PCI: Using ACPI for IRQ routing
[    3.596891] NetLabel: Initializing
[    3.598160] NetLabel:  domain hash size = 128
[    3.599635] NetLabel:  protocols = UNLABELED CIPSOv4
[    3.601268] NetLabel:  unlabeled traffic allowed by default
[    3.604946] amd_nb: Cannot enumerate AMD northbridges
[    3.606694] clocksource: Switched to clocksource kvm-clock
[    3.623882] AppArmor: AppArmor Filesystem Enabled
[    3.630985] pnp: PnP ACPI init
    3.658534] pnp: PnP ACPI: found 3 devices

[   3.702756] clocksource: acpi_pm: mask: 0xffffff max_cycles: 0xffffff, max_idle_ns: 2085701024 ns
[    3.736567] NET: Registered protocol family 2

[    3.738680] TCP established hash table entries: 8192 (order: 4, 65536 bytes)
[  340961] TCP bind hash table entries: 8192 (order: 5, 131072 bytes)
[    3.889433] TCP: Hash tables configured (established 8192 bind 8192)
[    3.891536] UDP hash table entries: 512 (order: 2, 16384 bytes)
[    3.893468] UDP-Lite hash table entries: 512 (order: 2, 16384 bytes)
[    3.895590] NET: Registered protocol family 1
[    3.897183] pci 0000:00:00.0: Limiting direct PCI/PCI transfers
[    3.899096] pci 0000:00:01.0: Activating ISA DMA hang workarounds
[    3.901303] Unpacking initramfs...
[    4.171778] Freeing initrd memory: 14828K
[    4.212681] clocksource: tsc: mask: 0xffffffffffffffff max_cycles: 0x2b2296bc2b9, max_idle_ns: 440795321505 ns
[    4.216008] platform rtc_cmos: registered platform RTC device (no PNP device found)
[    4.218747] Scanning for low memory corruption every 60 seconds
[    4.221006] audit: initializing netlink subsys (disabled)
[    4.222792] audit: type=2000 audit(1566493336.712:1): initialized
[    4.225117] Initialise system trusted keyring
[    4.226832] HugeTLB registered 2 MB page size, pre-allocated 0 pages
[    4.230638] zbud: loaded
[    4.232187] VFS: Disk quotas dquot_6.6.0
[    4.233629] VFS: Dquot-cache hash table entries: 512 (order 0, 4096 bytes)
[    4.244012] squashfs: version 4.0 (2009/01/31) Phillip Lougher
[    4.263650] fuse init (API version 7.23)
[    4.265226] Key type big_key registered
[    4.282780] Allocating IMA MOK and blacklist keyrings.
[    4.285706] Key type asymmetric registered
[    4.287202] Asymmetric key parser 'x509' registered
[    4.725493] Block layer SCSI generic (bsg) driver version 0.4 loaded (major 249)
[    5.073671] io scheduler noop registered
[    5.262619] io scheduler deadline registered (default)
[    5.264490] io scheduler cfq registered
[    5.266051] pci_hotplug: PCI Hot Plug PCI Core version: 0.5
[    5.303249] pciehp: PCI Express Hot Plug Controller Driver version: 0.4
[    5.305475] ACPI: AC Adapter [AC] (on-line)
[    5.362982] input: Power Button as /devices/LNXSYSTM:00/LNXPWRBN:00/input/input0
[    5.365673] ACPI: Power Button [PWRF]
[    5.367203] input: Sleep Button as /devices/LNXSYSTM:00/LNXSLPBN:00/input/input1
[    5.413323] ACPI: Sleep Button [SLPF]
[    5.415180] GHES: HEST is not enabled!
[    5.416744] Serial: 8250/16550 driver, 32 ports, IRQ sharing enabled
[    5.441775] 00:02: ttyS0 at I/O 0x3f8 (irq = 4, base_baud = 115200) is a 16550A
[    5.465971] Linux agpgart interface v0.103
[    5.470087] loop: module loaded
[    5.472454] scsi host0: ata_piix
[    5.475832] scsi host1: ata_piix
[    5.482776] ata1: PATA max UDMA/33 cmd 0x1f0 ctl 0x3f6 bmdma 0xd000 irq 14
[    5.484858] ata2: PATA max UDMA/33 cmd 0x170 ctl 0x376 bmdma 0xd008 irq 15
[    5.487182] libphy: Fixed MDIO Bus: probed
[    5.522887] tun: Universal TUN/TAP device driver, 1.6
[    5.532866] tun: (C) 1999-2004 Max Krasnyansky <maxk@qualcomm.com>
[    5.534903] PPP generic driver version 2.4.2
[    5.536508] ehci_hcd: USB 2.0 'Enhanced' Host Controller (EHCI) Driver
[    5.538602] ehci-pci: EHCI PCI platform driver
[    5.563057] ehci-platform: EHCI generic platform driver
[    5.564779] ohci_hcd: USB 1.1 'Open' Host Controller (OHCI) Driver
[    5.566704] ohci-pci: OHCI PCI platform driver
[    5.572879] ohci-platform: OHCI generic platform driver
[    5.612476] uhci_hcd: USB Universal Host Controller Interface driver
[    5.622823] i8042: PNP: PS/2 Controller [PNP0303:PS2K,PNP0f03:PS2M] at 0x60,0x64 irq 1,12
[    5.644701] serio: i8042 KBD port at 0x60,0x64 irq 1
[    5.646357] serio: i8042 AUX port at 0x60,0x64 irq 12
[    5.652867] mousedev: PS/2 mouse device common for all mice
[    5.655459] input: AT Translated Set 2 keyboard as /devices/platform/i8042/serio0/input/input2
[    5.673969] rtc_cmos rtc_cmos: rtc core: registered rtc_cmos as rtc0
[    5.713191] rtc_cmos rtc_cmos: alarms up to one day, 114 bytes nvram
[    5.715206] i2c /dev entries driver
[    5.716669] device-mapper: uevent: version 1.0.3
[    5.718393] device-mapper: ioctl: 4.34.0-ioctl (2015-10-28) initialised: dm-devel@redhat.com
[    5.721399] ledtrig-cpu: registered to indicate activity on CPUs
[    5.724048] NET: Registered protocol family 10
[    5.763127] NET: Registered protocol family 17
[    5.803841] Key type dns_resolver registered
[    5.805768] registered taskstats version 1
[    5.807341] Loading compiled-in X.509 certificates
[    5.833413] Loaded X.509 cert 'Build time autogenerated kernel key: 65139e04a67245b562a838c28b5e7032abdd4348'
[    5.854807] zswap: loaded using pool lzo/zbud
[    5.869933] Key type trusted registered
[    5.961285] Key type encrypted registered
[    5.972838] AppArmor: AppArmor sha1 policy hashing enabled
[    6.012398] ima: No TPM chip found, activating TPM-bypass!
[    6.014261] ima: Allocated hash algorithm: sha1
[    6.015966] evm: HMAC attrs: 0x1
[    6.052774]   Magic number: 15:430:37
[    6.054255] bdi 7:2: hash matches
[    6.055785] rtc_cmos rtc_cmos: setting system clock to 2019-08-22 17:02:15 UTC (1566493335)
[    6.073588] BIOS EDD facility v0.16 2004-Jun-25, 0 devices found
[    6.093246] EDD information not available.
[    6.118091] Freeing unused kernel memory: 1484K
[    6.134750] Write protecting the kernel read-only data: 14336k
[    6.151473] Freeing unused kernel memory: 1616K
[    6.173257] Freeing unused kernel memory: 68K
Loading, please wait...
starting version 229
[    6.450054] random: systemd-udevd: uninitialized urandom read (16 bytes read, 2 bits of entropy available)
[    6.460480] random: systemd-udevd: uninitialized urandom read (16 bytes read, 2 bits of entropy available)
[    6.461093] random: udevadm: uninitialized urandom read (16 bytes read, 2 bits of entropy available)
[    6.461198] random: udevadm: uninitialized urandom read (16 bytes read, 2 bits of entropy available)
[    6.478621] random: systemd-udevd: uninitialized urandom read (16 bytes read, 2 bits of entropy available)
[    6.483759] random: systemd-udevd: uninitialized urandom read (16 bytes read, 2 bits of entropy available)
[    6.510802] random: systemd-udevd: uninitialized urandom read (16 bytes read, 2 bits of entropy available)
[    6.515780] random: systemd-udevd: uninitialized urandom read (16 bytes read, 2 bits of entropy available)
[    6.520691] random: systemd-udevd: uninitialized urandom read (16 bytes read, 2 bits of entropy available)
[    6.531736] random: systemd-udevd: uninitialized urandom read (16 bytes read, 2 bits of entropy available)
[    6.872879] Fusion MPT base driver 3.04.20
[    6.875057] Copyright (c) 1999-2008 LSI Corporation
[    6.879706] e1000: Intel(R) PRO/1000 Network Driver - version 7.3.21-k8-NAPI
[    6.883059] e1000: Copyright (c) 1999-2006 Intel Corporation.
[    6.914059] Fusion MPT SPI Host driver 3.04.20
[    7.114859] input: ImExPS/2 Generic Explorer Mouse as /devices/platform/i8042/serio1/input/input4
[    7.451918] e1000 0000:00:03.0 eth0: (PCI:33MHz:32-bit) 02:1e:e5:6d:71:21
[    7.454143] e1000 0000:00:03.0 eth0: Intel(R) PRO/1000 Network Connection
[    7.613820] mptbase: ioc0: Initiating bringup
[    7.619822] e1000 0000:00:03.0 enp0s3: renamed from eth0
[    7.679232] ioc0: LSI53C1030 A0: Capabilities={Initiator}
[    7.880952] scsi host2: ioc0: LSI53C1030 A0, FwRev=00000000h, Ports=1, MaxQ=256, IRQ=20
[    8.025374] scsi 2:0:0:0: Direct-Access     VBOX     HARDDISK         1.0  PQ: 0 ANSI: 5
[    8.030421] scsi target2:0:0: Beginning Domain Validation
[    8.324357] scsi target2:0:0: Domain Validation skipping write tests
[    8.499010] scsi target2:0:0: Ending Domain Validation
[    8.514851] scsi target2:0:0: asynchronous
[    8.525472] scsi 2:0:1:0: Direct-Access     VBOX     HARDDISK         1.0  PQ: 0 ANSI: 5
[    8.573564] scsi target2:0:1: Beginning Domain Validation
[    8.604736] scsi target2:0:1: Domain Validation skipping write tests
[    8.652369] scsi target2:0:1: Ending Domain Validation
[    8.654118] scsi target2:0:1: asynchronous
[    8.669453] sd 2:0:0:0: Attached scsi generic sg0 type 0
[    8.670146] sd 2:0:0:0: [sda] 20971520 512-byte logical blocks: (10.7 GB/10.0 GiB)
[    8.670310] sd 2:0:0:0: [sda] Write Protect is off
[    8.670455] sd 2:0:0:0: [sda] Incomplete mode parameter data
[    8.670457] sd 2:0:0:0: [sda] Assuming drive cache: write through
[    8.712440]  sda: sda1
[    8.714471] sd 2:0:0:0: [sda] Attached SCSI disk
[    8.854661] sd 2:0:1:0: [sdb] 20480 512-byte logical blocks: (10.5 MB/10.0 MiB)
[    8.881826] sd 2:0:1:0: Attached scsi generic sg1 type 0
[    8.883959] sd 2:0:1:0: [sdb] Write Protect is off
[    8.885927] sd 2:0:1:0: [sdb] Incomplete mode parameter data
[    8.887830] sd 2:0:1:0: [sdb] Assuming drive cache: write through
[    8.908033] sd 2:0:1:0: [sdb] Attached SCSI disk
Begin: Loading essential drivers ... [   11.349739] md: linear personality registered for level -1
[   11.382141] md: multipath personality registered for level -4
[   11.422917] md: raid0 personality registered for level 0
[   11.455110] md: raid1 personality registered for level 1
[   11.562725] raid6: sse2x1   gen()  4637 MB/s
[   11.634718] raid6: sse2x1   xor()  4717 MB/s
[   11.702713] raid6: sse2x2   gen()  6775 MB/s
[   11.770714] raid6: sse2x2   xor()  5928 MB/s
[   11.841402] raid6: sse2x4   gen()  9029 MB/s
[   11.922717] raid6: sse2x4   xor()  6562 MB/s
[   11.933192] raid6: using algorithm sse2x4 gen() 9029 MB/s
[   12.004972] raid6: .... xor() 6562 MB/s, rmw enabled
[   12.006578] raid6: using ssse3x2 recovery algorithm
[   12.088858] xor: measuring software checksum speed
[   12.181393]    prefetch64-sse: 28602.000 MB/sec
[   12.268037]    generic_sse: 24801.000 MB/sec
[   12.272858] xor: using function: prefetch64-sse (28602.000 MB/sec)
[   12.279521] async_tx: api initialized (async)
[   12.314771] md: raid6 personality registered for level 6
[   12.317533] md: raid5 personality registered for level 5
[   12.320066] md: raid4 personality registered for level 4
[   12.400427] md: raid10 personality registered for level 10
done.
Begin: Running /scripts/init-premount ... done.
Begin: Mounting root file system ... Begin: Running /scripts/local-top ... done.
Begin: Running /scripts/local-premount ... [   12.580031] Btrfs loaded
Scanning for Btrfs filesystems
done.
Warning: fsck not present, so skipping root file system
[   12.810880] EXT4-fs (sda1): mounted filesystem with ordered data mode. Opts: (null)
done.
Begin: Running /scripts/local-bottom ... done.
Begin: Running /scripts/init-bottom ... done.
[   13.665030] systemd[1]: systemd 229 running in system mode. (+PAM +AUDIT +SELINUX +IMA +APPARMOR +SMACK +SYSVINIT +UTMP +LIBCRYPTSETUP +GCRYPT +GNUTLS +ACL +XZ -LZ4 +SECCOMP +BLKID +ELFUTILS +KMOD -IDN)
[   13.672307] systemd[1]: Detected virtualization oracle.
[   13.674064] systemd[1]: Detected architecture x86-64.

Welcome to [1mUbuntu 16.04.6 LTS[0m!

[   13.688329] systemd[1]: Set hostname to <ubuntu>.
[   13.715314] systemd[1]: Initializing machine ID from random generator.
[   13.733486] systemd[1]: Installed transient /etc/machine-id file.
[   14.171907] random: nonblocking pool is initialized
[   14.738676] systemd[1]: Listening on udev Kernel Socket.
[[0;32m  OK  [0m] Listening on udev Kernel Socket.
[   14.743005] systemd[1]: Listening on LVM2 metadata daemon socket.
[[0;32m  OK  [0m] Listening on LVM2 metadata daemon socket.
[   14.748172] systemd[1]: Listening on Journal Socket (/dev/log).
[[0;32m  OK  [0m] Listening on Journal Socket (/dev/log).
[   14.779204] systemd[1]: Listening on Journal Audit Socket.
[[0;32m  OK  [0m] Listening on Journal Audit Socket.
[   14.782985] systemd[1]: Listening on LVM2 poll daemon socket.
[[0;32m  OK  [0m] Listening on LVM2 poll daemon socket.
[   14.786915] systemd[1]: Listening on udev Control Socket.
[[0;32m  OK  [0m] Listening on udev Control Socket.
[   14.791134] systemd[1]: Set up automount Arbitrary Executable File Formats File System Automount Point.
[[0;32m  OK  [0m] Set up automount Arbitrary Executab...ats File System Automount Point.
[   14.844675] systemd[1]: Reached target Swap.
[[0;32m  OK  [0m] Reached target Swap.
[   14.871282] systemd[1]: Listening on Device-mapper event daemon FIFOs.
[[0;32m  OK  [0m] Listening on Device-mapper event daemon FIFOs.
[   14.891338] systemd[1]: Created slice User and Session Slice.
[[0;32m  OK  [0m] Created slice User and Session Slice.
[   14.937122] systemd[1]: Listening on /dev/initctl Compatibility Named Pipe.
[[0;32m  OK  [0m] Listening on /dev/initctl Compatibility Named Pipe.
[   14.941455] systemd[1]: Started Forward Password Requests to Wall Directory Watch.
[[0;32m  OK  [0m] Started Forward Password Requests to Wall Directory Watch.
[   14.946216] systemd[1]: Reached target User and Group Name Lookups.
[[0;32m  OK  [0m] Reached target User and Group Name Lookups.
[   15.014675] systemd[1]: Created slice System Slice.
[[0;32m  OK  [0m] Created slice System Slice.
[   15.126477] systemd[1]: Reached target Slices.
[[0;32m  OK  [0m] Reached target Slices.
[   15.185710] systemd[1]: Created slice system-serial\x2dgetty.slice.
[[0;32m  OK  [0m] Created slice system-serial\x2dgetty.slice.
[   15.189717] systemd[1]: Listening on Syslog Socket.
[[0;32m  OK  [0m] Listening on Syslog Socket.
[   15.193014] systemd[1]: Reached target Encrypted Volumes.
[[0;32m  OK  [0m] Reached target Encrypted Volumes.
[   15.206569] systemd[1]: Started Trigger resolvconf update for networkd DNS.
[[0;32m  OK  [0m] Started Trigger resolvconf update for networkd DNS.
[   15.227055] systemd[1]: Reached target System Time Synchronized.
[[0;32m  OK  [0m] Reached target System Time Synchronized.
[   15.264384] systemd[1]: Listening on Journal Socket.
[[0;32m  OK  [0m] Listening on Journal Socket.
[   15.291284] systemd[1]: Mounting Huge Pages File System...
         Mounting Huge Pages File System...
[   15.313450] systemd[1]: Starting Create list of required static device nodes for the current kernel...
         Starting Create list of required st... nodes for the current kernel...
[   15.388000] systemd[1]: Starting Nameserver information manager...
         Starting Nameserver information manager...
[   15.407100] systemd[1]: Mounting POSIX Message Queue File System...
         Mounting POSIX Message Queue File System...
[   15.442974] systemd[1]: Starting Remount Root and Kernel File Systems...
         Starting Remount Root and Kernel File Systems...
[   15.469453] systemd[1]: Starting Uncomplicated firewall...
         Starting Uncomplicated firewall...
[   15.482144] systemd[1]: Mounting Debug File System...
         Mounting Debug File System...
[   15.527642] systemd[1]: Starting Set console keymap...
         Starting Set console keymap...
[   15.573075] EXT4-fs (sda1): re-mounted. Opts: (null)
[   15.578457] systemd[1]: Starting Journal Service...
         Starting Journal Service...
[   15.619823] systemd[1]: Starting Load Kernel Modules...
         Starting Load Kernel Modules...
[   15.646764] systemd[1]: Starting Monitoring of LVM2 mirrors, snapshots etc. using dmeventd or progress polling...
         Starting Monitoring of LVM2 mirrors... dmeventd or progress polling...
[   15.677734] systemd[1]: Mounted POSIX Message Queue File System.
[[0;32m  OK  [0m] Mounted POSIX Message Queue File System.
[   15.701158] systemd[1]: Mounted Huge Pages File System.
[[0;32m  OK  [0m] Mounted Huge Pages File System.
[   15.720243] systemd[1]: Mounted Debug File System.
[[0;32m  OK  [0m] Mounted Debug File System.
[   15.733366] systemd[1]: Started Create list of required static device nodes for the current kernel.
[[0;32m  OK  [0m] Started Create list of required sta...ce nodes for the current kernel.
[   15.773264] systemd[1]: Started Remount Root and Kernel File Systems.
[   15.783943] Loading iSCSI transport class v2.0-870.
[[0;32m  OK  [0m] Started Remount Root and Kernel File Systems.
[   15.861955] systemd[1]: Started Uncomplicated firewall.
[[0;32m  OK  [0m] Started Uncomplicated firewall.
[   15.901012] systemd[1]: Started Nameserver information manager.
[[0;32m  OK  [0m] Started Nameserver information manager.
[   16.033909] iscsi: registered transport (tcp)
[   16.104153] systemd[1]: Started LVM2 metadata daemon.
[[0;32m  OK  [0m] Started LVM2 metadata daemon.
[   16.156639] systemd[1]: Starting Load/Save Random Seed...
         Starting Load/Save Random Seed...
[   16.232931] systemd[1]: Starting udev Coldplug all Devices...
         Starting udev Coldplug all Devices...
[   16.293096] systemd[1]: Starting Create Static Device Nodes in /dev...
         Starting Create Static Device Nodes in /dev...
[   16.308371] systemd[1]: Started Load/Save Random Seed.
[[0;32m  OK  [0m] Started Load/Save Random Seed.
[   16.385807] systemd[1]: Started Set console keymap.
[[0;32m  OK  [0m] Started Set console keymap.
[   16.435707] systemd[1]: Started Journal Service.
[[0;32m  OK  [0m] Started Journal Service.
         Starting Flush Journal to Persistent Storage...
[[0;32m  OK  [0m] Started Monitoring of LVM2 mirrors,...ng dmeventd or progress polling.
[   16.627453] systemd-journald[374]: Received request to flush runtime journal from PID 1
[   16.627890] iscsi: registered transport (iser)
[[0;32m  OK  [0m] Started Load Kernel Modules.
         Mounting FUSE Control File System...
         Starting Apply Kernel Variables...
[[0;32m  OK  [0m] Started Create Static Device Nodes in /dev.
[[0;32m  OK  [0m] Started Flush Journal to Persistent Storage.
[[0;32m  OK  [0m] Mounted FUSE Control File System.
[[0;32m  OK  [0m] Started Apply Kernel Variables.
[[0;32m  OK  [0m] Reached target Local File Systems (Pre).
[[0;32m  OK  [0m] Reached target Local File Systems.
         Starting Set console font and keymap...
         Starting Tell Plymouth To Write Out Runtime Data...
         Starting LSB: AppArmor initialization...
         Starting Initial cloud-init job (pre-networking)...
         Starting Commit a transient machine-id on disk...
         Starting Create Volatile Files and Directories...
         Starting udev Kernel Device Manager...
[[0;32m  OK  [0m] Started udev Coldplug all Devices.
[[0;32m  OK  [0m] Started Tell Plymouth To Write Out Runtime Data.
[[0;32m  OK  [0m] Started Commit a transient machine-id on disk.
[[0;32m  OK  [0m] Started Create Volatile Files and Directories.
         Starting Update UTMP about System Boot/Shutdown...
[[0;32m  OK  [0m] Started Update UTMP about System Boot/Shutdown.
[[0;32m  OK  [0m] Started udev Kernel Device Manager.
[[0;32m  OK  [0m] Started Dispatch Password Requests to Console Directory Watch.
[[0;32m  OK  [0m] Found device /dev/ttyS0.
[[0;32m  OK  [0m] Listening on Load/Save RF Kill Switch Status /dev/rfkill Watch.
[[0;32m  OK  [0m] Started LSB: AppArmor initialization.
[   21.664576] cloud-init[456]: Cloud-init v. 19.1-1-gbaa47854-0ubuntu1~16.04.1 running 'init-local' at Thu, 22 Aug 2019 17:02:32 +0000. Up 19.94 seconds.
[[0;32m  OK  [0m] Started Initial cloud-init job (pre-networking).
[[0;32m  OK  [0m] Reached target Network (Pre).
         Starting Raise network interfaces...
[[0;32m  OK  [0m] Started Set console font and keymap.
[[0;32m  OK  [0m] Created slice system-getty.slice.
[[0;32m  OK  [0m] Started Raise network interfaces.
         Starting Initial cloud-init job (metadata service crawler)...
[[0;32m  OK  [0m] Reached target Network.
[   27.553890] cloud-init[938]: Cloud-init v. 19.1-1-gbaa47854-0ubuntu1~16.04.1 running 'init' at Thu, 22 Aug 2019 17:02:37 +0000. Up 24.91 seconds.
[   27.559909] cloud-init[938]: ci-info: ++++++++++++++++++++++++++++++++++++++Net device info++++++++++++++++++++++++++++++++++++++
[   27.565126] cloud-init[938]: ci-info: +--------+------+----------------------------+---------------+--------+-------------------+
[   27.570375] cloud-init[938]: ci-info: | Device |  Up  |          Address           |      Mask     | Scope  |     Hw-Address    |
[   27.575723] cloud-init[938]: ci-info: +--------+------+----------------------------+---------------+--------+-------------------+
[   27.581026] cloud-init[938]: ci-info: | enp0s3 | True |         10.0.2.15          | 255.255.255.0 | global | 02:1e:e5:6d:71:21 |
[   27.586298] cloud-init[938]: ci-info: | enp0s3 | True | fe80::1e:e5ff:fe6d:7121/64 |       .       |  link  | 02:1e:e5:6d:71:21 |
[   27.591568] cloud-init[938]: ci-info: |   lo   | True |         127.0.0.1          |   255.0.0.0   |  host  |         .         |
[   27.597152] cloud-init[938]: ci-info: |   lo   | True |          ::1/128           |       .       |  host  |         .         |
[   27.602420] cloud-init[938]: ci-info: +--------+------+----------------------------+---------------+--------+-------------------+
[   27.607642] cloud-init[938]: ci-info: +++++++++++++++++++++++++++Route IPv4 info++++++++++++++++++++++++++++
[   27.612306] cloud-init[938]: ci-info: +-------+-------------+----------+---------------+-----------+-------+
[   27.617071] cloud-init[938]: ci-info: | Route | Destination | Gateway  |    Genmask    | Interface | Flags |
[   27.621807] cloud-init[938]: ci-info: +-------+-------------+----------+---------------+-----------+-------+
[   27.626718] cloud-init[938]: ci-info: |   0   |   0.0.0.0   | 10.0.2.2 |    0.0.0.0    |   enp0s3  |   UG  |
[   27.631502] cloud-init[938]: ci-info: |   1   |   10.0.2.0  | 0.0.0.0  | 255.255.255.0 |   enp0s3  |   U   |
[   27.636377] cloud-init[938]: ci-info: +-------+-------------+----------+---------------+-----------+-------+
[   27.641124] cloud-init[938]: ci-info: +++++++++++++++++++Route IPv6 info+++++++++++++++++++
[   27.645429] cloud-init[938]: ci-info: +-------+-------------+---------+-----------+-------+
[   27.649817] cloud-init[938]: ci-info: | Route | Destination | Gateway | Interface | Flags |
[   27.654229] cloud-init[938]: ci-info: +-------+-------------+---------+-----------+-------+
[   27.658615] cloud-init[938]: ci-info: |   0   |  fe80::/64  |    ::   |   enp0s3  |   U   |
[   27.662967] cloud-init[938]: ci-info: |   3   |   ff00::/8  |    ::   |   enp0s3  |   U   |
[   27.667170] cloud-init[938]: ci-info: +-------+-------------+---------+-----------+-------+
[   27.671571] cloud-init[938]: Generating public/private rsa key pair.
[   27.675259] cloud-init[938]: Your identification has been saved in /etc/ssh/ssh_host_rsa_key.
[   27.679712] cloud-init[938]: Your public key has been saved in /etc/ssh/ssh_host_rsa_key.pub.
[   27.684024] cloud-init[938]: The key fingerprint is:
[   27.687398] cloud-init[938]: SHA256:B8ziZV5AEFbUeetT8M+REmPI73usp+ZLnfyebExmCiw root@ubuntu-xenial
[   27.692030] cloud-init[938]: The key's randomart image is:
[   27.695559] cloud-init[938]: +---[RSA 2048]----+
[   27.698861] cloud-init[938]: |      +*=....    |
[   27.702091] cloud-init[938]: |     . o .ooo+   |
[   27.705862] cloud-init[938]: |      . * ..o+o .|
[   27.709130] cloud-init[938]: |     . = o  .ooo |
[   27.712457] cloud-init[938]: |      . S o....o.|
[   27.715727] cloud-init[938]: |         E oo.o++|
[   27.719029] cloud-init[938]: |          . .oO+ |
[   27.722369] cloud-init[938]: |            .+.*o|
[   27.725928] cloud-init[938]: |            o=B+o|
[   27.729458] cloud-init[938]: +----[SHA256]-----+
[   27.733139] cloud-init[938]: Generating public/private dsa key pair.
[   27.736736] cloud-init[[0;32m  OK  [0m] Started Initial cloud-init job (metadata service crawler).
[[0;32m  OK  [0m] Reached target Network is Online.
[938]: Your identification has been saved in /etc/ssh/ssh_host_dsa_key.
[   27.773948]          cloud-initStarting iSCSI initiator daemon (iscsid)...[938]: 
Your public key has been saved in /etc/ssh/ssh_host_dsa_key.pub.
[   27.774714] [cloud-init[0;32m  OK  [0m[938]: ] The key fingerprint is:Reached target System Initialization.

[   27.793298] cloud-init[938]: SHA256:YMpK4MXnrgZdriOWIniSECinaD4u2ZxHCiYUUsRDkh4 root@ubuntu-xenial
         Starting Socket activation for snappy daemon.
[   27.820339] cloud-init[938]: The key's randomart image is:
[   27.832160]          cloud-initStarting LXD - unix socket.[938]: 
+---[DSA 1024]----+
[   27.836236] [cloud-init[0;32m  OK  [0m[938]: ] |.*+              |
Started Daily Cleanup of Temporary Directories.
[   27.836904] cloud-init[938]: |oE+              |
[[0;32m  OK  [0m] Listening on UUID daemon activation socket.
[   27.854907] cloud-init[938]: |= o+ .o          |
[[0;32m  OK  [0m] Listening on D-Bus System Message Bus Socket.
[   27.880201] cloud-init[938]: |=+o.o+ .         |
[   27.887412] cloud-init[938]: |+=o =.  S        |
[   27.896553] [cloud-init[0;32m  OK  [0m[938]: ] |*= oo.           |Started ACPI Events Check.

[   27.899694] cloud-init[938]: |B*++..           |
[[0;32m  OK  [0m] Reached target Paths.
[   27.900443] cloud-init[938]: |O**+o            |
[   27.910016] [[0;32m  OK  [0m] Started Daily apt download activities.
cloud-init[938]: |*++o.            |
[   27.913346] [cloud-init[0;32m  OK  [0m[938]: ] +----[SHA256]-----+Started Daily apt upgrade and clean activities.

[   27.914002] [cloud-init[0;32m  OK  [0m[938]: ] Generating public/private ecdsa key pair.Reached target Timers.

[   27.917351] [cloud-init[0;32m  OK  [0m[938]: ] Your identification has been saved in /etc/ssh/ssh_host_ecdsa_key.Listening on ACPID Listen Socket.

[   27.921876] [cloud-init[0;32m  OK  [0m[938]: ] Your public key has been saved in /etc/ssh/ssh_host_ecdsa_key.pub.Reached target Cloud-config availability.

[   27.925743] cloud-init[938]: The key fingerprint is:
[   27.939336] cloud-init[938]: SHA256:olVDcfXnl1hn9AaKzI9kPokSphSPY/cRYaE3vDFc7yU root@ubuntu-xenial
[   27.951303] cloud-init[938]: The key's randomart image is:
[   27.955042] [cloud-init[0;32m  OK  [0m[938]: ] +---[ECDSA 256]---+Listening on Socket activation for snappy daemon.

[   27.956104] [[0;32m  OK  [0m] Listening on LXD - unix socket.
cloud-init[938]: |    .   B+o.. . .|
[   27.971471] cloud-init[938]: |     + * * o o o.|
[   27.982083] cloud-init[938]: |    = * @ * E o.*|
[   27.984896] cloud-init[938]: |   o = = % = oo=o|
[   28.006058] cloud-init[938]: |    . + S = o. .o|
[   28.014308] cloud-init[938]: |     o o   .    .|
[   28.014552] cloud-init[938]: |    .            |
[   28.015016] cloud-init[938]: |                 |
[   28.015254] cloud-init[938]: |                 |
[   28.015512] cloud-init[938]: +----[SHA256]-----+
[   28.015743] cloud-init[938]: Generating public/private ed25519 key pair.
[   28.015974] cloud-init[938]: Your identification has been saved in /etc/ssh/ssh_host_ed25519_key.
[   28.016232] cloud-init[938]: Your public key has been saved in /etc/ssh/ssh_host_ed25519_key.pub.
[   28.016467] cloud-init[938]: The key fingerprint is:
[   28.016699] cloud-init[938]: SHA256:wsLMiSgF97gj4DiyU6fDtGYy0daft/GOHfrtoVgO8kA root@ubuntu-xenial
[   28.016991] cloud-init[938]: The key's randomart image is:
[   28.017225] cloud-init[938]: +--[ED25519 256]--+
[   28.017453] cloud-init[938]: |. .              |
[   28.017692] cloud-init[938]: | o o             |
[[0;32m  OK  [0m] Started iSCSI initiator daemon (iscsid).
[   28.017926] cloud-init[938]: |. o .            |
[   28.287430] cloud-init[938]: |++ B o           |
         Starting Login to default iSCSI targets...
[   28.287771] cloud-init[938]: |O.O O E S        |
[[0;32m  OK  [0m] Reached target Sockets.
[   28.309015] cloud-init[938]: |oX = + o         |
[   28.412558] cloud-init[938]: |= B   = + o .    |
[[0;32m  OK  [0m] Reached target Basic System.
[   28.412946] cloud-init[938]: | * .   = % + .   |
         Starting System Logging Service...[   28.459628] cloud-init[938]: |        *oB.o    |

[   28.460909] cloud-init[938]: +----[SHA256]-----+
         Starting Login Service...
         Starting Pollinate to seed the pseudo random number generator...
         Starting Accounts Service...
         Starting /etc/rc.local Compatibility...
         Starting LXD - container startup/shutdown...
[[0;32m  OK  [0m] Started D-Bus System Message Bus.
[[0;32m  OK  [0m] Started Regular background program processing daemon.
         Starting Virtualbox guest utils...
         Starting LSB: Record successful boot for GRUB...
[[0;32m  OK  [0m] Started Deferred execution scheduler.
         Starting LSB: MD monitoring daemon...
[[0;32m  OK  [0m] Started ACPI event daemon.
         Starting Snappy daemon...
[[0;32m  OK  [0m] Started FUSE filesystem for LXC.
[[0;32m  OK  [0m] Started System Logging Service.
[[0;32m  OK  [0m] Started /etc/rc.local Compatibility.
[[0;32m  OK  [0m] Started Login to default iSCSI targets.
[[0;32m  OK  [0m] Started Login Service.
[[0;32m  OK  [0m] Started Unattended Upgrades Shutdown.
         Starting Authenticate and Authorize Users to Run Privileged Tasks...
[[0;32m  OK  [0m] Reached target Remote File Systems (Pre).
[[0;32m  OK  [0m] Reached target Remote File Systems.
         Starting Permit User Sessions...
         Starting LSB: automatic crash report generation...
         Starting LSB: daemon to balance interrupts for SMP systems...
         Starting LSB: Set the CPU Frequency Scaling governor to "ondemand"...
[[0;32m  OK  [0m] Started Permit User Sessions.
[[0;32m  OK  [0m] Started LSB: MD monitoring daemon.
         Starting Hold until boot process finishes up...
         Starting Terminate Plymouth Boot Screen...
[[0;32m  OK  [0m] Started LSB: Record successful boot for GRUB.
[[0;32m  OK  [0m] Started Hold until boot process finishes up.
[[0;32m  OK  [0m] Started Terminate Plymouth Boot Screen.
         Starting Set console scheme...
[[0;32m  OK  [0m] Started Serial Getty on ttyS0.
[[0;32m  OK  [0m] Started Getty on tty1.
[[0;32m  OK  [0m] Reached target Login Prompts.
[[0;32m  OK  [0m] Started Set console scheme.
[[0;32m  OK  [0m] Started Authenticate and Authorize Users to Run Privileged Tasks.
[[0;32m  OK  [0m] Started Accounts Service.
[[0;32m  OK  [0m] Started LXD - container startup/shutdown.
[[0;32m  OK  [0m] Started LSB: Set the CPU Frequency Scaling governor to "ondemand".
[[0;32m  OK  [0m] Started LSB: daemon to balance interrupts for SMP systems.
[[0;32m  OK  [0m] Started LSB: automatic crash report generation.
[[0;32m  OK  [0m] Started Virtualbox guest utils.
[[0;32m  OK  [0m] Started Pollinate to seed the pseudo random number generator.
         Starting OpenBSD Secure Shell server...
[[0;32m  OK  [0m] Started Snappy daemon.
         Starting Wait until snapd is fully seeded...
[[0;32m  OK  [0m] Started OpenBSD Secure Shell server.
[[0;32m  OK  [0m] Created slice User Slice of vagrant.
         Starting User Manager for UID 1000...
[[0;32m  OK  [0m] Started Session 1 of user vagrant.
[[0;32m  OK  [0m] Started User Manager for UID 1000.

Ubuntu 16.04.6 LTS ubuntu-xenial ttyS0

ubuntu-xenial login: [   39.256108] cloud-init[1382]: Generating locales (this might take a while)...
[   42.473928] cloud-init[1382]:   en_US.UTF-8... done
[   42.495065] cloud-init[1382]: Generation complete.
[   44.173300] cloud-init[1382]: Cloud-init v. 19.1-1-gbaa47854-0ubuntu1~16.04.1 running 'modules:config' at Thu, 22 Aug 2019 17:02:51 +0000. Up 38.56 seconds.
ci-info: no authorized ssh keys fingerprints found for user ubuntu.
<14>Aug 22 17:02:58 ec2: 
<14>Aug 22 17:02:58 ec2: #############################################################
<14>Aug 22 17:02:58 ec2: -----BEGIN SSH HOST KEY FINGERPRINTS-----
<14>Aug 22 17:02:58 ec2: 1024 SHA256:YMpK4MXnrgZdriOWIniSECinaD4u2ZxHCiYUUsRDkh4 root@ubuntu-xenial (DSA)
<14>Aug 22 17:02:58 ec2: 256 SHA256:olVDcfXnl1hn9AaKzI9kPokSphSPY/cRYaE3vDFc7yU root@ubuntu-xenial (ECDSA)
<14>Aug 22 17:02:58 ec2: 256 SHA256:wsLMiSgF97gj4DiyU6fDtGYy0daft/GOHfrtoVgO8kA root@ubuntu-xenial (ED25519)
<14>Aug 22 17:02:58 ec2: 2048 SHA256:B8ziZV5AEFbUeetT8M+REmPI73usp+ZLnfyebExmCiw root@ubuntu-xenial (RSA)
<14>Aug 22 17:02:58 ec2: -----END SSH HOST KEY FINGERPRINTS-----
<14>Aug 22 17:02:58 ec2: #############################################################
-----BEGIN SSH HOST KEY KEYS-----
ecdsa-sha2-nistp256 AAAAE2VjZHNhLXNoYTItbmlzdHAyNTYAAAAIbmlzdHAyNTYAAABBBNJEb1Pxn+HQzvlh10Dqc5pY0iLJq9EkoHu75CcvrhqmO7Qg9FkNNlHa8LDUoKB76l38lhdI6HZwiW2g5iSVh+I= root@ubuntu-xenial
ssh-ed25519 AAAAC3NzaC1lZDI1NTE5AAAAILYiONyjaoXUKfMD85k9uD+Ec5kE33EuUb0jxMM+hufL root@ubuntu-xenial
ssh-rsa AAAAB3NzaC1yc2EAAAADAQABAAABAQC8hnhTkSpwgCEyemB239JpWMklbaXs2Xr92mpcmwqh8+r2i5mY2XJ0VW0W8DDfmRSX0K6aTL2ShcDW2cMoWbu6VL0+5gQ5HFEbs9wuiPFZBTtsoGgV8pG72iTLZsIbQLbLl847Zr5VYtBxbdwMI96Ce9t2HbxRSLf/un//y0iygSRLgIpGe/Xcq5YzrU6N2zu04FuKv7z5XEHZLcTmx7AcGnUjCJalklht4ueFjYom3f11tKWdhx3b2uOCxw7k5aR2Vk5e5Jr5dX1sekihoFQuud0yo3hVfgQRTqEQy5lUddtyu4Z0YXwj+ZBXk9lY84WQGcbv0mOETYEbQPqxXhKj root@ubuntu-xenial
-----END SSH HOST KEY KEYS-----
[   46.415892] cloud-init[1558]: Cloud-init v. 19.1-1-gbaa47854-0ubuntu1~16.04.1 running 'modules:final' at Thu, 22 Aug 2019 17:02:58 +0000. Up 45.69 seconds.
[   46.418019] cloud-init[1558]: ci-info: no authorized ssh keys fingerprints found for user ubuntu.
[   46.422493] cloud-init[1558]: Cloud-init v. 19.1-1-gbaa47854-0ubuntu1~16.04.1 finished at Thu, 22 Aug 2019 17:02:58 +0000. Datasource DataSourceNoCloud [seed=/dev/sdb][dsmode=net].  Up 46.38 seconds
