[    0.000000] Initializing cgroup subsys cpuset
[    0.000000] Initializing cgroup subsys cpu
[    0.000000] Initializing cgroup subsys cpuacct
[    0.000000] Linux version 4.4.0-154-generic (buildd@lgw01-amd64-049) (gcc version 5.4.0 20160609 (Ubuntu 5.4.0-6ubuntu1~16.04.10) ) #181-Ubuntu SMP Tue Jun 25 05:29:03 UTC 2019 (Ubuntu 4.4.0-154.181-generic 4.4.179)
[    0.000000] Command line: BOOT_IMAGE=/boot/vmlinuz-4.4.0-154-generic root=LABEL=cloudimg-rootfs ro console=tty1 console=ttyS0
[    0.000000] KERNEL supported cpus:
[    0.000000]   Intel GenuineIntel
[    0.000000]   AMD AuthenticAMD
[    0.000000]   Centaur CentaurHauls
[    0.000000] x86/fpu: Legacy x87 FPU detected.
[    0.000000] e820: BIOS-provided physical RAM map:
[    0.000000] BIOS-e820: [mem 0x0000000000000000-0x000000000009fbff] usable
[    0.000000] BIOS-e820: [mem 0x000000000009fc00-0x000000000009ffff] reserved
[    0.000000] BIOS-e820: [mem 0x00000000000f0000-0x00000000000fffff] reserved
[    0.000000] BIOS-e820: [mem 0x0000000000100000-0x000000003ffeffff] usable
[    0.000000] BIOS-e820: [mem 0x000000003fff0000-0x000000003fffffff] ACPI data
[    0.000000] BIOS-e820: [mem 0x00000000fec00000-0x00000000fec00fff] reserved
[    0.000000] BIOS-e820: [mem 0x00000000fee00000-0x00000000fee00fff] reserved
[    0.000000] BIOS-e820: [mem 0x00000000fffc0000-0x00000000ffffffff] reserved
[    0.000000] NX (Execute Disable) protection: active
[    0.000000] SMBIOS 2.5 present.
[    0.000000] Hypervisor detected: KVM
[    0.000000] e820: last_pfn = 0x3fff0 max_arch_pfn = 0x400000000
[    0.000000] MTRR: Disabled
[    0.000000] x86/PAT: MTRRs disabled, skipping PAT initialization too.
[    0.000000] CPU MTRRs all blank - virtualized system.
[    0.000000] x86/PAT: Configuration [0-7]: WB  WT  UC- UC  WB  WT  UC- UC  
[    0.000000] found SMP MP-table at [mem 0x0009fff0-0x0009ffff] mapped at [ffff88000009fff0]
[    0.000000] Scanning 1 aras for low memory corruption
[    0.000000] RAMDISK: [mem 0x362fa000-0x37174fff]
[    0.000000] ACPI: Early table checksum verification disabled
[    0.000000] ACPI: RSDP 0x00000000000E0000 000024 (v02 VBOX  )
[    0.000000] ACPI: XSDT 0x000000003FFF0030 00003C (v01 VBOX   VBOXXSDT 00000001 ASL  00000061)
[    0.000000] ACPI: FACP 0x000000003FFF00F0 0000F4 (v04 VBOX   VBOXFACP 00000001 ASL  00000061)
[    0.000000] ACPI: DSDT 0x000000003FFF0470 0021FF (v02 VBOX   VBOXBIOS 00000002 INTL 20180105)
[    0.000000] ACPI: FACS 0x000000003FFF0200 000040
[    0.000000] ACPI: FACS 0x000000003FFF0200 000040
[    0.000000] ACPI: APIC 0x000000003FFF0240 00005C (v02 VBOX   VBOXAPIC 00000001 ASL  00000061)
[    0.000000] ACPI: SSDT 0x000000003FFF02A0 0001CC (v01 VBOX   VBOXCPU 0000002 INTL 20180105)
[    0.000000] No NUMA configuration found
[    0.000000] Faking a node at [mem x0000000000000000-0x000000003ffeffff]
[    0.000000] NODE_DATA(0) allocated [mem 0x3ffeb000-0x3ffeffff]
[    0.000000] kvm-clock: Using msrs 4b564d01 and 4b564d00
[    0.000000] kvm-clock: cpu 0, msr 0:3ffe3001, primry cpu clock
[    0.000000] kvm-clock: using sched offset of 4940862996 cycles
[    0.000000] clocksource: kvm-clock: mask: 0xffffffffffffffff max_cycles: 0x1cd42e4dffb, max_idle_ns: 881590591483 ns
[    0.000000] Zone ranges:
[    0.000000]   DMA      [mem 0x0000000000001000-0x0000000000ffffff]
[    0.000000]   DMA32    [mem 0x0000000001000000-0x000000003ffeffff]
[    0.000000]   Normal   empty
[    0.000000]   Device   empty
[    0.000000] Movable zone start for each node
[    0.000000] Early memory node ranges
[    0.000000]   node   0: [mem 0x0000000000001000-0x000000000009efff]
[    0.000000]   node   0: [mem 0x0000000000100000-0x000000003ffeffff]
[    0.000000] Initmem setup node 0 [mem 0x0000000000001000-0x000000003ffeffff]
[    0.000000] ACPI: PM-Timer IO Port: 0x4008
[    0.000000] IOAPIC[0]: apic_id 2, version 32, address 0xfec00000, GSI 0-23
[    0.000000] ACPI: INT_SRC_OVR (bus 0 bus_irq 0 global_irq 2 dfl dfl)
[    0.000000] ACPI: INT_SRC_OVR (bus 0 bus_irq 9 global_irq 9 low level)
[    0.000000] Using ACPI (MADT) for SMP confiuration information
[    0.000000] smpboot: Allowing 2 CPUs, 0 hotplug CPUs
[   0.000000] PM: Registered nosave memory: [mem 0x00000000-0x00000fff]
[    0.000000] PM: Registered nosave memory: [mem 0x0009f000-0x0009ffff]
[    0.000000] PM: Registered nosave memory: [mem 0x000a0000-0x000effff]
[    0.000000] PM: Registered nosave memory: [mem 0x000f0000-0x000fffff]
[    0.000000] e820: [mem 0x40000000-0xfebfffff] available for PCI devices
[    0.000000] Booting paravirtualized kernel on KVM
[    0.000000] clocksource: refined-jiffis: mask: 0xffffffff max_cycles: 0xffffffff, max_idle_ns: 7645519600211568 ns
[    0.000000] setup_percpu: NR_CPUS:512 nr_cpumask_bits:512 nr_cpu_ids:2 nr_node_ids:1
[    0.00000] PERCPU: Embedded 34 pages/cpu @ffff88003fc00000 s99480 r8192 d31592 u1048576
[    0.000000] Built 1 zonelists in Node order, mobillity grouping on.  Total pages: 257912
[    0.000000] Policy zone: DMA32
[    0.000000] Kernel command line: BOOT_IMAGE=/boot/vmlinuz-4.4.0-154-generic root=LABEL=cloudimg-rootfs ro console=tty1 console=ttyS0
[    0.000000] PID hash table entries: 4096 (order: 3, 32768 bytes)
[    0.000000] Memory: 997732K/1048120K available (8613K kernel code, 1335K rwdata, 4028K rodata, 1484K init, 1284K bss, 50388K reserved, 0K cma-reserved)
[    0.000000] SLUB: HWalign=64, Order=0-3, MinObjects=0, CPUs=2, Nodes=1
[    0.000000] Kernel/User page tables isolation: enabled
[    0.000000] Hierarchical RCU implementation.
[    0.000000] 	Build-ime adjustment of leaf fanout to 64.
[    0.000000] 	RCU restricting CPUs from R_CPUS=512 to nr_cpu_ids=2.
[    0.000000] RCU: Adjusting geometry for rcu_fanout_leaf=64, nr_cpu_ids=2
[    0.000000] NR_IRQS:33024 nr_irqs:440 16
[    0.000000] Console: colour VGA+ 80x25
[    0.000000] console [tty1] enabled
[    0.000000] console [ttyS0] enabled
[    0.000000] tsc: Detected 2992.498 MHz processor
[    1.920306] Calibrating delay loop (skipped) preset value.. 5984.99 BogoMIPS (lpj=11969992)
[    1.923206] pid_max: default: 32768 minimum: 301
[    1.924741] ACPI: Core revision 20150930

[    1.927447] ACPI: 2 ACPI AML tables successfully acquired and loaded
[    1.929603] Security Framework initialized
[    1.975594] Yama: becoming mindful.
[    1.976958] AppArmor: AppArmor initialized
[    1.990554] Dentry cache hash table entries: 131072 (order: 8, 1048576 bytes)
[    1.993170] Inode-cache hash table entries: 65536 (order: 7, 524288 bytes)
[    1.995473] Mount-cache hash table entries: 2048 (order: 2, 16384 bytes)
[    1.997448] Mountpoint-cache hash table entries: 2048 (order: 2, 16384 bytes)
[    2.004346] Initializing cgroup subsys io
[    2.066335] Initializing cgroup subsys memory
[    2.067815] Initializing cgroup subsys devices
[    2.069356] Initializing cgroup subsys freezer
[    2.070852] Initializing cgroup subsys net_cls
[    2.072354] Initializing cgroup subsys perf_event
[    2.073916] Initializing cgroup subsys net_prio
[    2.095410] Initializing cgroup subsys hugetlb
[    2.182409] Initializing cgroup subsys pids
[    2.183951] mce: CPU supports 0 MCE banks
[    2.185402] Last level iTLB entries: 4KB 128, 2MB 4, 4MB 4
[    2.258094] Last level dTLB entries: 4KB 256, 2MB 0, 4MB 32, 1GB 0
[    2.378443] Spectre V2 : Mitigation: Full generic retpoline
[    2.435843] Spectre V2 : Spectre v2 / SpectreRSB mitigation: Filling RSB on context switch
[    2.438614] Speculative Store Bypass: Vulnerable
[    2.441053] MDS: Vulnerable: Clear CPU buffers attempted, no microcode
[    2.488977] Freeing SMP alternatives memory: 36K
[    2.577946] ftrace: allocating 32299 entries in 127 pages
[    2.648559] smpboot: APIC(0) Converting physical 0 to logical package 0
[    2.745707] smpboot: Max logical packages: 1
[    2.747743] x2apic enabled
[    2.749401] Switched APIC routing to physical x2apic.
[    2.821092] ..TIMER: vector=0x30 apic1=0 pin1=2 apic2=-1 pin2=-1
[    2.961317] smpboot: CPU0: Intel(R) Core(TM)2 Duo CPU     E8400  @ 3.00GHz (family: 0x6, model: 0x17, stepping: 0xa)
[    2.964902] Performance Events: unsupported p6 CPU model 23 no PMU driver, software events only.
[    3.083605] KVM setup paravirtual spinlock
[    3.086661] x86: Booting SMP configuration:
[    3.088108] .... node  #0, CPUs:      #1
[    3.089456] kvm-clock: cpu 1, msr 0:3ffe3041, secondary cpu clock
[    3.097753] mce: CPU supports 0 MCE banks
[    3.100941] x86: Booted up 1 node, 2 CPUs
[    3.102808] smpboot: Total of 2 processors activated (11969.99 BogoMIPS)
[    3.105377] devtmpfs: initialized
[    3.109441] evm: security.selinux
[    3.110705] evm: security.SMACK64
[    3.111944] evm: security.SMACK64EXEC
[    3.118618] evm: security.SMACK64TRANSMUTE
[    3.120029] evm: security.SMACK64MMAP
[    3.121343] evm: security.ima
[    3.122522] evm: security.capability
[    3.124024] clocksource: jiffies: mask: 0xffffffff max_cycles: 0xffffffff, max_idle_ns: 7645041785100000 ns
[    3.128248] futex hash table entries: 512 (order: 3, 32768 bytes)
[    3.130281] pinctrl core: initialized pinctrl subsystem
[    3.132116] RTC time: 16:49:59, date: 08/22/19
[    3.134001] NET: Registered protocol family 16
[    3.145881] cpuidle: using governor ladder
[    3.157240] cpuidle: using governor menu
[    3.158690] PCCT header not found.
[    3.160004] ACPI: bus type PCI registered
[    3.182498] acpiphp: ACPI Hot Plug PCI Controller Driver version: 0.5
[    3.207390] PCI: Using configuration type 1 for base access
[    3.222137] ACPI: Added _OSI(Module Device)
[    3.223567] ACPI: Added _OSI(Processor Device)
[    3.225062] ACPI: Added _OSI(3.0 _SCP Extensions)
[    3.226616] ACPI: Added _OSI(Processor Aggregator Device)
[    3.229138] ACPI: Executed 1 blocks of module-level executable AML code
[    3.233743] ACPI: Interpreter enabled
[    3.235072] ACPI: (supports S0 S5)
[    3.236344] ACPI: Using IOAPIC for interrupt routing
[    3.283162] PCI: Using host bridge windows from ACPI; if necessary, use "pci=nocrs" and report a bug
[    3.290720] ACPI: PCI Root Bridge [PCI0] (domain 0000 [bus 00-ff])
[    3.292590] acpi PNP0A03:00: _OSC: OS supports [ASPM ClockPM Segments MSI]
[    3.389490] acpi PNP0A03:00: _OSC: not requesting OS control; OS requires [ExtendedConfig ASPM ClockPM MSI]
[    3.579283] acpi PNP0A03:00: fail to add MMCONFIG information, can't access extended PCI configuration space under this bridge.
[    3.625598] PCI host bridge to bus 0000:00
[    3.627015] pci_bus 0000:00: root bus resource [io  0x0000-0x0cf7 window]
[    3.628996] pci_bus 0000:00: root bus resource [io  0x0d00-0xffff window]
[    3.630995] pci_bus 0000:00: root bus resource [mem 0x000a0000-0x000bffff window]
[    3.633601] pci_bus 0000:00: root bus resource [mem 0x40000000-0xfdffffff window]
[    3.667010] pci_bus 0000:00: root bus resource [bus 00-ff]
[    3.670847] pci 0000:00:01.1: legacy IDE quirk: reg 0x10: [io  0x01f0-0x01f7]
[    3.672911] pci 0000:00:01.1: legacy IDE quirk: reg 0x14: [io  0x03f6]
[    3.782916] pci 0000:00:01.1: legacy IDE quirk: reg 0x18: [io  0x0170-0x0177]
[    3.784972] pci 0000:00:01.1: legacy IDE quirk: reg 0x1c: [io  0x0376]
[    3.812347] pci 0000:00:07.0: quirk: [io  0x4000-0x403f] claimed by PIIX4 ACPI
[    3.816116] pci 0000:00:07.0: quirk: [io  0x4100-0x410f] claimed by PIIX4 SMB
[    3.826733] ACPI: PCI Interrupt Link [LNKA] (IRQs 5 9 10 *11)
[    3.831284] ACPI: PCI Interrupt Link [LNKB] (IRQs 5 9 *10 11)
[    3.833742] ACPI: PCI Interrupt Link [LNKC] (IRQs 5 *9 10 11)
[    3.836167] ACPI: PCI Interrupt Link [LNKD] (IRQs 5 9 10 *11)
[    3.838721] ACPI: Enabled 2 GPEs in block 00 to 07
[    3.863671] vgaarb: setting as boot device: PCI:0000:00:02.0
[    3.865438] vgaarb: device added: PCI:0000:00:02.0,decodes=io+mem,owns=io+mem,locks=none
[    3.868211] vgaarb: loaded
[    3.870434] vgaarb: bridge control possible 0000:00:02.0
[    3.872760] SCSI subsystem initialized
[    3.874601] ACPI: bus type USB registered
[    3.876073] usbcore: registered new interface driver usbfs
[    3.877862] usbcore: registered new interface driver hub
[    3.879555] usbcore: registered new device driver usb
[    3.887012] PCI: Using ACPI for IRQ routing
[    3.889156] NetLabel: Initializing
[    3.890464] NetLabel:  domain hash size = 128
[    3.891928] NetLabel:  protocols = UNLABELED CIPSOv4
[    3.901593] NetLabel:  unlabeled traffic allowed by default
[    3.954828] amd_nb: Cannot enumerate AMD northbridges
[    3.956633] clocksource: Switched to clocksource kvm-clock
[    3.973374] AppArmor: AppArmor Filesystem Enabled
[    4.065960] pnp: PnP ACPI init
[    4.068225] pnp: PnP ACPI: found 3 devices
[    4.081493] clocksource: acpi_pm: mask: 0xffffff max_cycles: 0xffffff, max_idle_ns: 2085701024 ns
[    4.084672] NET: Registered protocol family 2
[    4.086779] TCP established hash table entries: 8192 (order: 4, 65536 bytes)
[    4.089037] TCP bind hash table entries: 8192 (order: 5, 131072 bytes)
[    4.091117] TCP: Hash tables configured (established 8192 bind 8192)
[    4.093192] UDP hash table entries: 512 (order: 2, 16384 bytes)
[    4.095117] UDP-Lite hash table entries: 512 (order: 2, 16384 bytes)
[    4.097218] NET: Registered protocol family 1
[    4.098808] pci 0000:00:00.0: Limiting direct PCI/PCI transfers
[    4.100732] pci 0000:00:01.0: Activating ISA DMA hang workarounds
[    4.102928] Unpacking initramfs...
[  4.359318] Freeing initrd memory: 14828K
[    4.419325] clocksource: tsc: mask: 0xffffffffffffffff max_cycles: 0x2b2296bc2b9, max_idle_ns: 440795321505 ns
[    4.422517] platform rtc_cmos: registered platform RTC device (no PNP device found)
[    4.425250] Scanning for low memory corruption every 60 seconds

[    4.428231] audit: initializing netlink subsys (disabled)
[    4.439652] audit: type=2000 audit(1566492603.125:1): initialized
[    4.442009] Initialise system trusted keyring
[    4.443753] HugeTLB registered 2 MB page size, pre-allocated 0 pages
[    4.455851] zbud: loaded
[    4.555614] VFS: Disk quotas dquot_6.6.0
[    4.557137] VFS: Dquot-cache hash table entries: 512 (order 0, 4096 bytes)
[    4.559580] squashfs: version 4.0 (2009/01/31) Phillip Lougher
[    4.561873] fuse init (API version 7.23)
[    4.563572] Key type big_key registered
[    4.565035] Allocating IMA MOK and blacklist keyrings.
[    4.568259] Key type asymmetric registered
[    4.626424] Asymmetric key parser 'x509' registered
[    4.675376] Block layer SCSI generic (bsg) driver version 0.4 loaded (major 249)
[    4.678158] io scheduler noop registered
[    4.679562] io scheduler deadline registered (default)
[    4.681315] io scheduler cfq registered
[    4.682839] pci_hotplug: PCI Hot Plug PCI Core version: 0.5
[    4.684625] pciehp: PCI Express Hot Plug Controller Driver version: 0.4
[    4.748187] ACPI: AC Adapter [AC] (on-line)
[    4.758616] input: Power Button as /devices/LNXSYSTM:00/LNXPWRBN:00/input/input0
[    4.766624] ACPI: Power Button [PWRF]
[    4.768053] input: Sleep Button as /devices/LNXSYSTM:00/LNXSLPBN:00/input/input1
[    4.774420] ACPI: Sleep Button [SLPF]
[    4.776054] GHES: HEST is not enabled!
[    4.786640] Serial: 8250/16550 driver, 32 ports, IRQ sharing enabled
[    4.811493] 00:02: ttyS0 at I/O 0x3f8 (irq = 4, base_baud = 115200) is a 16550A
[    4.817790] Linux agpgart interface v0.103
[    4.822131] loop: module loaded
[    4.824340] scsi host0: ata_piix
[    4.825846] scsi host1: ata_piix
[    4.827150] ata1: PATA max UDMA/33 cmd 0x1f0 ctl 0x3f6 bmdma 0xd000 irq 14
[    4.829211] ata2: PATA max UDMA/33 cmd 0x170 ctl 0x376 bmdma 0xd008 irq 15
[    4.831358] libphy: Fixed MDIO Bus: probed
[    4.835294] tun: Universal TUN/TAP device driver, 1.6
[    4.836924] tun: (C) 1999-2004 Max Krasnyansky <maxk@qualcomm.com>
[    4.838889] PPP generic driver version 2.4.2
[    4.840456] ehci_hcd: USB 2.0 'Enhanced' Host Controller (EHCI) Driver
[    4.842474] ehci-pci: EHCI PCI platform driver
[    4.844004] ehci-platform: EHCI generic platform driver
[    4.855720] ohci_hcd: USB 1.1 'Open' Host Controller (OHCI) Driver
[    4.857675] ohci-pci: OHCI PCI platform driver
[    4.859204] ohci-platform: OHCI generic platform driver
[    4.865980] uhci_hcd: USB Universal Host Controller Interface driver
[    4.868005] i8042: PNP: PS/2 Controller [PNP0303:PS2K,PNP0f03:PS2M] at 0x60,0x64 irq 1,12
[    4.871561] serio: i8042 KBD port at 0x60,0x64 irq 1
[    4.873228] serio: i8042 AUX port at 0x60,0x64 irq 12
[    4.875033] mousedev: PS/2 mouse device common for all mice
[    4.877581] input: AT Translated Set 2 keyboard as /devices/platform/i8042/serio0/input/input2
[    4.880555] rtc_cmos rtc_cmos: rtc core: registered rtc_cmos as rtc0
[    4.883083] rtc_cmos rtc_cmos: alarms up to one day, 114 bytes nvram
[    4.885059] i2c /dev entries driver
[    4.886448] device-mapper: uevent: version 1.0.3
[    4.888096] device-mapper: ioctl: 4.34.0-ioctl (2015-10-28) initialised: dm-devel@redhat.com
[    5.099532] ledtrig-cpu: registered to indicate activity on CPUs
[    5.103585] NET: Registered protocol family 10
[    5.107047] NET: Registered protocol family 17
[    5.109413] Key type dns_resolver registered
[    5.129184] registered taskstats version 1
[    5.136728] Loading compiled-in X.509 certificates
[    5.142637] Loaded X.509 cert 'Build time autogenerated kernel key: 65139e04a67245b562a838c28b5e7032abdd4348'
[    5.155908] zswap: loaded using pool lzo/zbud
[    5.189822] Key type trusted registered
[    5.221970] Key type encrypted registered
[    5.223451] AppArmor: AppArmor sha1 policy hashing enabled
[    5.225364] ima: No TPM chip found, activating TPM-bypass!
[    5.227171] ima: Allocated hash algorithm: sha1
[    5.228789] evm: HMAC attrs: 0x1
[    5.230479]   Magic number: 15:151:844
[    5.232091] rtc_cmos rtc_cmos: setting system clock to 2019-08-22 16:50:01 UTC (1566492601)
[    5.236985] BIOS EDD facility v0.16 2004-Jun-25, 0 devices found
[    5.238910] EDD information not available.
[    5.246076] Freeing unused kernel memory: 1484K
[    5.260728] Write protecting the kernel read-only data: 14336k
[    5.276464] Freeing unused kernel memory: 1616K
[    5.278402] Freeing unused kernel memory: 68K
Loading, please wait...
starting version 229
[    5.422028] random: systemd-udevd: uninitialized urandom read (16 bytes read, 2 bits of entropy available)
[    5.428925] random: systemd-udevd: uninitialized urandom read (16 bytes read, 2 bits of entropy available)
[    5.431667] random: udevadm: uninitialized urandom read (16 bytes read, 2 bits of entropy available)
[    5.431839] random: udevadm: uninitialized urandom read (16 bytes read, 2 bits of entropy available)
[    5.443707] random: systemd-udevd: uninitialized urandom read (16 bytes read, 2 bits of entropy available)
[    5.448801] random: systemd-udevd: uninitialized urandom read (16 bytes read, 2 bits of entropy available)
[    5.480724] random: systemd-udevd: uninitialized urandom read (16 bytes read, 2 bits of entropy available)
[    5.485715] random: systemd-udevd: uninitialized urandom read (16 bytes read, 2 bits of entropy available)
[    5.490631] random: systemd-udevd: uninitialized urandom read (16 bytes read, 2 bits of entropy available)
[    5.500088] random: systemd-udevd: uninitialized urandom read (16 bytes read, 2 bits of entropy available)
[    5.795839] e1000: Intel(R) PRO/1000 Network Driver - version 7.3.21-k8-NAPI
[    5.799462] e1000: Copyright (c) 1999-2006 Intel Corporation.
[    5.824039] Fusion MPT base driver 3.04.20
[    5.826282] Copyright (c) 1999-2008 LSI Corporation
[    5.907296] Fusion MPT SPI Host driver 3.04.20
[    6.084631] input: ImExPS/2 Generic Explorer Mouse as /devices/platform/i8042/serio1/input/input4
[    6.372834] e1000 0000:00:03.0 eth0: (PCI:33MHz:32-bit) 02:1e:e5:6d:71:21
[    6.425634] e1000 0000:00:03.0 eth0: Intel(R) PRO/1000 Network Connection
[    6.429369] mptbase: ioc0: Initiating bringup
[    6.439450] e1000 0000:00:03.0 enp0s3: renamed from eth0
[    6.501073] ioc0: LSI53C1030 A0: Capabilities={Initiator}
[    6.662589] scsi host2: ioc0: LSI53C1030 A0, FwRev=00000000h, Ports=1, MaxQ=256, IRQ=20
[    6.781400] scsi 2:0:0:0: Direct-Access     VBOX     HARDDISK         1.0  PQ: 0 ANSI: 5
[    6.796835] scsi target2:0:0: Beginning Domain Validation
[    6.799884] scsi target2:0:0: Domain Validation skipping write tests
[    6.801827] scsi target2:0:0: Ending Domain Validation
[    6.803545] scsi target2:0:0: asynchronous
[    6.805559] scsi 2:0:1:0: Direct-Access     VBOX     HARDDISK         1.0  PQ: 0 ANSI: 5
[    6.827095] scsi target2:0:1: Beginning Domain Validation
[    6.830488] scsi target2:0:1: Domain Validation skipping write tests
[    6.832424] scsi target2:0:1: Ending Domain Validation
[    6.834182] scsi target2:0:1: asynchronous
[    6.844021] sd 2:0:0:0: [sda] 20971520 512-byte logical blocks: (10.7 GB/10.0 GiB)
[    6.847386] sd 2:0:0:0: [sda] Write Protect is off
[    6.866192] sd 2:0:0:0: Attached scsi generic sg0 type 0
[    6.870890] sd 2:0:1:0: Attached scsi generic sg1 type 0
[    6.870984] sd 2:0:1:0: [sdb] 20480 512-byte logical blocks: (10.5 MB/10.0 MiB)
[    6.871148] sd 2:0:1:0: [sdb] Write Protect is off
[    6.871259] sd 2:0:1:0: [sdb] Incomplete mode parameter data
[    6.871261] sd 2:0:1:0: [sdb] Assuming drive cache: write through
[    6.873562] sd 2:0:0:0: [sda] Incomplete mode parameter data
[    6.873564] sd 2:0:0:0: [sda] Assuming drive cache: write through
[    6.914527]  sda: sda1
[    6.916606] sd 2:0:1:0: [sdb] Attached SCSI disk
[    6.917754] sd 2:0:0:0: [sda] Attached SCSI disk
Begin: Loading essential drivers ... [    9.336881] md: linear personality registered for level -1
[    9.369784] md: multipath personality registered for level -4
[    9.399800] md: raid0 personality registered for level 0
[    9.432496] md: raid1 personality registered for level 1
[    9.544680] raid6: sse2x1   gen()  4069 MB/s
[    9.612658] raid6: sse2x1   xor()  4219 MB/s
[    9.680650] raid6: sse2x2   gen()  5427 MB/s
[    9.748645] raid6: sse2x2   xor()  5729 MB/s
[    9.816677] raid6: sse2x4   gen()  8446 MB/s
[    9.884650] raid6: sse2x4   xor()  6842 MB/s
[    9.886101] raid6: using algorithm sse2x4 gen() 8446 MB/s
[    9.887784] raid6: .... xor() 6842 MB/s, rmw enabled
[    9.890474] raid6: using ssse3x2 recovery algorithm
[    9.894398] xor: measuring software checksum speed
[    9.944646]    prefetch64-sse: 12019.000 MB/sec
[    9.988646]    generic_sse: 10676.000 MB/sec
[    9.990105] xor: using function: prefetch64-sse (12019.000 MB/sec)
[    9.993689] async_tx: api initialized (async)
[   10.041637] md: raid6 personality registered for level 6
[   10.066748] md: raid5 personality registered for level 5
[   10.070036] md: raid4 personality registered for level 4
[   10.120246] md: raid10 personality registered for level 10
done.
Begin: Running /scripts/init-premount ... done.
Begin: Mounting root file system ... Begin: Running /scripts/local-top ... done.
Begin: Running /scripts/local-premount ... [   10.281166] Btrfs loaded
Scanning for Btrfs filesystems
done.
Warning: fsck not present, so skipping root file system
[   10.536017] EXT4-fs (sda1): mounted filesystem with ordered data mode. Opts: (null)
done.
Begin: Running /scripts/local-bottom ... done.
Begin: Running /scripts/init-bottom ... done.
[   11.486776] systemd[1]: systemd 229 running in system mode. (+PAM +AUDIT +SELINUX +IMA +APPARMOR +SMACK +SYSVINIT +UTMP +LIBCRYPTSETUP +GCRYPT +GNUTLS +ACL +XZ -LZ4 +SECCOMP +BLKID +ELFUTILS +KMOD -IDN)
[   11.494358] systemd[1]: Detected virtualization oracle.
[   11.496102] systemd[1]: Detected architecture x86-64.

Welcome to [1mUbuntu 16.04.6 LTS[0m!

[   11.546620] systemd[1]: Set hostname to <ubuntu>.
[   11.563833] systemd[1]: Initializing machine ID from random generator.
[   11.566013] systemd[1]: Installed transient /etc/machine-id file.
[   11.981892] random: nonblocking pool is initialized
[   12.590208] systemd[1]: Started Forward Password Requests to Wall Directory Watch.
[[0;32m  OK  [0m] Started Forward Password Requests to Wall Directory Watch.
[   12.757830] systemd[1]: Listening on udev Kernel Socket.
[[0;32m  OK  [0m] Listening on udev Kernel Socket.
[   12.762587] systemd[1]: Listening on Journal Socket.
[[0;32m  OK  [0m] Listening on Journal Socket.
[   12.767277] systemd[1]: Created slice User and Session Slice.
[[0;32m  OK  [0m] Created slice User and Session Slice.
[   12.771594] systemd[1]: Set up automount Arbitrary Executable File Formats File System Automount Point.
[[0;32m  OK  [0m] Set up automount Arbitrary Executab...ats File System Automount Point.
[   12.830733] systemd[1]: Listening on /dev/initctl Compatibility Named Pipe.
[[0;32m  OK  [0m] Listening on /dev/initctl Compatibility Named Pipe.
[   12.834747] systemd[1]: Reached target User and Group Name Lookups.
[[0;32m  OK  [0m] Reached target User and Group Name Lookups.
[   12.838654] systemd[1]: Listening on Journal Socket (/dev/log).
[[0;32m  OK  [0m] Listening on Journal Socket (/dev/log).
[   12.842318] systemd[1]: Reached target Encrypted Volumes.
[[0;32m  OK  [0m] Reached target Encrypted Volumes.
[   12.919980] systemd[1]: Reached target System Time Synchronized.
[[0;32m  OK  [0m] Reached target System Time Synchronized.
[   12.926063] systemd[1]: Listening on Device-mapper event daemon FIFOs.
[[0;32m  OK  [0m] Listening on Device-mapper event daemon FIFOs.
[   12.932492] systemd[1]: Started Trigger resolvconf update for networkd DNS.
[[0;32m  OK  [0m] Started Trigger resolvconf update for networkd DNS.
[   12.938908] systemd[1]: Listening on Journal Audit Socket.
[[0;32m  OK  [0m] Listening on Journal Audit Socket.
[   12.944511] systemd[1]: Reached target Swap.
[[0;32m  OK  [0m] Reached target Swap.
[   12.950038] systemd[1]: Listening on udev Control Socket.
[[0;32m  OK  [0m] Listening on udev Control Socket.
[   12.956979] systemd[1]: Listening on LVM2 poll daemon socket.
[[0;32m  OK  [0m] Listening on LVM2 poll daemon socket.
[   12.964084] systemd[1]: Listening on LVM2 metadata daemon socket.
[[0;32m  OK  [0m] Listening on LVM2 metadata daemon socket.
[   12.971947] systemd[1]: Listening on Syslog Socket.
[[0;32m  OK  [0m] Listening on Syslog Socket.
[   12.979854] systemd[1]: Created slice System Slice.
[[0;32m  OK  [0m] Created slice System Slice.
[   13.013662] systemd[1]: Starting Load Kernel Modules...
         Starting Load Kernel Modules...
[   13.028102] systemd[1]: Mounting Huge Pages File System...
         Mounting Huge Pages File System...
[   13.038989] systemd[1]: Reached target Slices.
[[0;32m  OK  [0m] Reached target Slices.
[   13.093979] systemd[1]: Starting Create list of required static device nodes for the current kernel...
         Starting Create list of required st... nodes for the current kernel...
[   13.115832] systemd[1]: Starting Journal Service...
         Starting Journal Service...
[   13.131536] systemd[1]: Starting Remount Root and Kernel File Systems...
         Starting Remount Root and Kernel File Systems...
[   13.188362] systemd[1]: Mounting POSIX Message Queue File System...
[   13.203328] Loading iSCSI transport class v2.0-870.
         Mounting POSIX Message Queue File System...
[   13.227024] systemd[1]: Created slice system-serial\x2dgetty.slice.
[[0;32m  OK  [0m] Created slice system-serial\x2dgetty.slice.
[   13.245548] systemd[1]: Starting Monitoring of LVM2 mirrors, snapshots etc. using dmeventd or progress polling...
[   13.251215] EXT4-fs (sda1): re-mounted. Opts: (null)
         Starting Monitoring of LVM2 mirrors... dmeventd or progress polling...
[   13.283874] systemd[1]: Starting Uncomplicated firewall...
         Starting Uncomplicated firewall...
[   13.313779] systemd[1]: Starting Set console keymap...
         Starting Set console keymap...
[   13.330978] iscsi: registered transport (tcp)
[   13.357405] systemd[1]: Mounting Debug File System...
         Mounting Debug File System...
[   13.425596] systemd[1]: Starting Nameserver information manager...
         Starting Nameserver information manager...
[   13.467594] systemd[1]: Mounted POSIX Message Queue File System.
[[0;32m  OK  [0m] Mounted POSIX Message Queue File System.
[   13.513744] systemd[1]: Mounted Huge Pages File System.
[[0;32m  OK  [0m] Mounted Huge Pages File System.
[   13.523410] systemd[1]: Mounted Debug File System.
[[0;32m  OK  [0m] Mounted Debug File System.
[   13.531526] systemd[1]: Started Create list of required static device nodes for the current kernel.
[[0;32m  OK  [0m] Started Create list of required sta...ce nodes for the current kernel.
[   13.551527] systemd[1]: Started Remount Root and Kernel File Systems.
[[0;32m  OK  [0m] Started Remount Root and Kernel File Systems.
[   13.571009] systemd[1]: Started Uncomplicated firewall.
[[0;32m  OK  [0m] Started Uncomplicated firewall.
[   13.640056] systemd[1]: Started Journal Service.
[[0;32m  OK  [0m] Started Journal Service.
[   13.719408] iscsi: registered transport (iser)
[[0;32m  OK  [0m] Started Nameserver information manager.
[[0;32m  OK  [0m] Started Load Kernel Modules.
[[0;32m  OK  [0m] Started LVM2 metadata daemon.
         Starting Apply Kernel Variables...
         Mounting FUSE Control File System...
         Starting Flush Journal to Persistent Storage...
         Starting udev Coldplug all Devices...
         Starting Load/Save Random Seed...
         Starting Create Static Device Nodes in /dev...
[[0;32m  OK  [0m] Mounted FUSE Control File System.
[[0;32m  OK  [0m] Started Apply Kernel Variables.
[[0;32m  OK  [0m] Started Set console keymap.
[[0;32m  OK  [0m] Started Load/Save Random Seed.
[[0;32m  OK  [0m] Started Create Static Device Nodes in /dev.
         Starting udev Kernel Device Manager...
[[0;32m  OK  [0m] Started Flush Journal to Persistent Storage.
[[0;32m  OK  [0m] Started Monitoring of LVM2 mirrors,...ng dmeventd or progress polling.
[[0;32m  OK  [0m] Reached target Local File Systems (Pre).
[[0;32m  OK  [0m] Reached target Local File Systems.
         Starting Create Volatile Files and Directories...
         Starting Tell Plymouth To Write Out Runtime Data...
         Starting LSB: AppArmor initialization...
         Starting Initial cloud-init job (pre-networking)...
         Starting Set console font and keymap...
         Starting Commit a transient machine-id on disk...
[[0;32m  OK  [0m] Started udev Kernel Device Manager.
[[0;32m  OK  [0m] Started Tell Plymouth To Write Out Runtime Data.
[[0;32m  OK  [0m] Started Commit a transient machine-id on disk.
[[0;32m  OK  [0m] Started Create Volatile Files and Directories.
         Starting Update UTMP about System Boot/Shutdown...
[[0;32m  OK  [0m] Started Update UTMP about System Boot/Shutdown.
[[0;32m  OK  [0m] Started udev Coldplug all Devices.
[[0;32m  OK  [0m] Started Dispatch Password Requests to Console Directory Watch.
[[0;32m  OK  [0m] Found device /dev/ttyS0.
[[0;32m  OK  [0m] Listening on Load/Save RF Kill Switch Status /dev/rfkill Watch.
[[0;32m  OK  [0m] Started LSB: AppArmor initialization.
[   18.467613] cloud-init[465]: Cloud-init v. 19.1-1-gbaa47854-0ubuntu1~16.04.1 running 'init-local' at Thu, 22 Aug 2019 16:50:16 +0000. Up 16.75 seconds.
[[0;32m  OK  [0m] Started Set console font and keymap.
[[0;32m  OK  [0m] Started Initial cloud-init job (pre-networking).
[[0;32m  OK  [0m] Reached target Network (Pre).
         Starting Raise network interfaces...
[[0;32m  OK  [0m] Created slice system-getty.slice.
[[0;32m  OK  [0m] Started Raise network interfaces.
         Starting Initial cloud-init job (metadata service crawler)...
[[0;32m  OK  [0m] Reached target Network.
[   24.337493] cloud-init[939]: Cloud-init v. 19.1-1-gbaa47854-0ubuntu1~16.04.1 running 'init' at Thu, 22 Aug 2019 16:50:21 +0000. Up 21.27 seconds.
[   24.353649] cloud-init[939]: ci-info: ++++++++++++++++++++++++++++++++++++++Net device info++++++++++++++++++++++++++++++++++++++
[   24.368396] cloud-init[939]: ci-info: +--------+------+----------------------------+---------------+--------+-------------------+
[   24.408987] cloud-init[939]: ci-info: | Device |  Up  |          Address           |      Mask     | Scope  |     Hw-Address    |
[   24.422847] cloud-init[939]: ci-info: +--------+------+----------------------------+---------------+--------+-------------------+
[   24.444047] cloud-init[939]: ci-info: | enp0s3 | True |         10.0.2.15          | 255.255.255.0 | global | 02:1e:e5:6d:71:21 |
[   24.478793] cloud-init[939]: ci-info: | enp0s3 | True | fe80::1e:e5ff:fe6d:7121/64 |       .       |  link  | 02:1e:e5:6d:71:21 |
[   24.489586] cloud-init[939]: ci-info: |   lo   | True |         127.0.0.1          |   255.0.0.0   |  host  |         .         |
[   24.499735] cloud-init[939]: ci-info: |   lo   | True |          ::1/128           |       .       |  host  |         .         |
[   24.510663] cloud-init[939]: ci-info: +--------+------+----------------------------+---------------+--------+-------------------+
[   24.521903] cloud-init[939]: ci-info: +++++++++++++++++++++++++++Route IPv4 info++++++++++++++++++++++++++++
[   24.530712] cloud-init[939]: ci-info: +-------+-------------+----------+---------------+-----------+-------+
[   24.537979] cloud-init[939]: ci-info: | Route | Destination | Gateway  |    Genmask    | Interface | Flags |
[   24.548548] cloud-init[939]: ci-info: +-------+-------------+----------+---------------+-----------+-------+
[   24.565167] cloud-init[939]: ci-info: |   0   |   0.0.0.0   | 10.0.2.2 |    0.0.0.0    |   enp0s3  |   UG  |
[   24.569418] cloud-init[939]: ci-info: |   1   |   10.0.2.0  | 0.0.0.0  | 255.255.255.0 |   enp0s3  |   U   |
[   24.573676] cloud-init[939]: ci-info: +-------+-------------+----------+---------------+-----------+-------+
[   24.607722] cloud-init[939]: ci-info: +++++++++++++++++++Route IPv6 info+++++++++++++++++++
[   24.626706] cloud-init[939]: ci-info: +-------+-------------+---------+-----------+-------+
[   24.644410] cloud-init[939]: ci-info: | Route | Destination | Gateway | Interface | Flags |
[   24.650665] cloud-init[939]: ci-info: +-------+-------------+---------+-----------+-------+
[   24.657280] cloud-init[939]: ci-info: |   0   |  fe80::/64  |    ::   |   enp0s3  |   U   |
[   24.669032] cloud-init[939]: ci-info: |   4   |   ff00::/8  |    ::   |   enp0s3  |   U   |
[   24.761323] cloud-init[939]: ci-info: +-------+-------------+---------+-----------+-------+
[   24.805088] cloud-init[939]: Generating public/private rsa key pair.
[   24.864890] cloud-init[939]: Your identification has been saved in /etc/ssh/ssh_host_rsa_key.
[[0;32m  OK  [0m] Started Initial cloud-init job (metadata service crawler).
[[0;32m  OK  [0m] Reached target System Initialization.
[   24.869089] cloud-init[939]: Your public key has been saved in /etc/ssh/ssh_host_rsa_key.pub.
[   24.949510] cloud-init[939]: The key fingerprint is:
[   24.949947] cloud-init[939]: SHA256:/u420fAWa8urJGEIy2yo7UkeKjxONXYjHjNb7aRbumk root@ubuntu-xenial
[   24.950293] cloud-init[939]: The key's randomart image is:
[   24.950648] cloud-init[939]: +---[RSA 2048]----+
[   24.951004] cloud-init[939]: |                 |
[   24.951621] cloud-init[939]: |                 |
[   24.952046] cloud-init[939]: |    .            |
[   24.952479] cloud-init[939]: |   + o..  . .    |
[   24.952850] cloud-init[939]: |  .O=+.oS  + o   |
[   24.953128] cloud-init[939]: | o+.X =o .. *    |
         Starting Socket activation for snappy daemon.
[   24.953443] cloud-init[939]: |o.+o . oo .= .   |
[   24.953708] cloud-init[939]: |oB o E=  +o o    |
[   24.997722] cloud-init[939]: |+.= .=.  +=o..   |
[   25.000647] cloud-init[939]: +----[SHA256]-----+
[   25.003440] cloud-init[939]: Generating public/private dsa key pair.
[   25.031814] cloud-init[939]: Your identification has been saved in /etc/ssh/ssh_host_dsa_key.
[[0;32m  OK  [0m] Started ACPI Events Check.
[   25.032347] cloud-init[939]: Your public key has been saved in /etc/ssh/ssh_host_dsa_key.pub.
[[0;32m  OK  [0m] Reached target Paths.
[   25.263565] cloud-init[939]: The key fingerprint is:
[   25.284618] cloud-init[939]: SHA256:ENDS2V6dR3pasY5ef5MflaKJ7NjZaSRyj/QSpo0YlWw root@ubuntu-xenial
[   25.292682] cloud-init[939]: The key's randomart image is:
[[0;32m  OK  [0m] Started Daily apt download activities.
[   25.293080] cloud-init[939]: +---[DSA 1024]----+
[   25.472689] cloud-init[939]: |    .+.o   . oo  |
[[0;32m  OK  [0m] Started Daily apt upgrade and clean activities.
[   25.535616] cloud-init[939]: |    . +.. . o..o |
[[0;32m  OK  [0m] Started Daily Cleanup of Temporary Directories.
[   25.539700] cloud-init[939]: |     .o...  ..+  |
[   25.696669] cloud-init[939]: |       E.    *  .|
[   25.756560] cloud-init[939]: |      o S   o.o..|
[[0;32m  OK  [0m] Reached target Timers.
[   25.756925] cloud-init[939]: |     . ..*.oo...o|
[   25.902726] cloud-init[939]: |      o OoBo.  +o|
[[0;32m  OK  [0m] Listening on D-Bus System Message Bus Socket.
[   25.903125] cloud-init[939]: |     . o++o+.   =|
[   26.031516] cloud-init[939]: |       . +oo    .|
[[0;32m  OK  [0m] Listening on ACPID Listen Socket.
[   26.031937] cloud-init[939]: +----[SHA256]-----+
         Starting LXD - unix socket.
[   26.096746] cloud-init[939]: Generating public/private ecdsa key pair.
[[0;32m  OK  [0m] Listening on UUID daemon activation socket.[   26.107368] cloud-init[939]: Your identification has been saved in /etc/ssh/ssh_host_ecdsa_key.
[   26.112167] cloud-init[939]: Your public key has been saved in /etc/ssh/ssh_host_ecdsa_key.pub.

[   26.114387] cloud-init[939]: The key fingerprint is:
[   26.131971] cloud-init[939]: SHA256:yoS1ulfeCcH3RCfLIJoJnCV4+tafc5lJSH1QIKGoBF4 root@ubuntu-xenial
[   26.213878] cloud-init[939]: The key's randomart image is:
[   26.260563] cloud-init[939]: +---[ECDSA 256]---+
[[0;32m  OK  [0m] Reached target Cloud-config availability.
[   26.260939] cloud-init[939]: |.  E.o. o..o.    |
[[0;32m  OK  [0m] Reached target Network is Online.
[   26.282623] cloud-init[939]: |..o =o ...o o .  |
         Starting iSCSI initiator daemon (iscsid)...
[   26.353319] cloud-init[939]: | ..o..o= o = +   |
[   26.385758] cloud-init[939]: | ... o+.+ o =    |
[   26.388355] cloud-init[939]: |  ....o.S+ +     |
[[0;32m  OK  [0m] Listening on Socket activation for snappy daemon.
[   26.389479] cloud-init[939]: |    o+..+ . .    |
[   26.407397] cloud-init[939]: |   .. o+ = =     |
[[0;32m  OK  [0m] Listening on LXD - unix socket.
[   26.417374] cloud-init[939]: |     .. = B      |
[   26.444510] cloud-init[939]: |    ..   o       |
[[0;32m  OK  [0m] Reached target Sockets.
[   26.470128] cloud-init[939]: +----[SHA256]-----+
[[0;32m  OK  [0m] Reached target Basic System.
[   26.503569] cloud-init[939]: Generating public/private ed25519 key pair.
[   26.536665] cloud-init[939]: Your identification has been saved in /etc/ssh/ssh_host_ed25519_key.
[   26.602974] cloud-init[939]: Your public key has been saved in /etc/ssh/ssh_host_ed25519_key.pub.
[   26.612283] [[0;32m  OK  [0m] Started FUSE filesystem for LXC.
cloud-init[939]: The key fingerprint is:
[   26.620569] cloud-init[939]: SHA256:tIy4nV4LMwKMHd9vivH2/L60hpW2OHReQr2pKt6hKlk root@ubuntu-xenial
         Starting Virtualbox guest utils...
[   26.635370] cloud-init[939]: The key's randomart image is:
[[0;32m  OK  [0m] Started ACPI event daemon.
[   26.712324] cloud-init[939]: +--[ED25519 256]--+
[   26.779304] cloud-init[939]: |                 |
[   26.798211] cloud-init[939]: |                 |
         Starting LXD - container startup/shutdown...
[   26.812898] cloud-init[939]: |  .     .  .     |
[   26.903875] cloud-init[939]: | + o o + .. .    |
[[0;32m  OK  [0m] Started D-Bus System Message Bus.
[   26.904622] cloud-init[939]: |. + o o S. . o   |
[   26.934235] cloud-init[939]: |   .Eo o. * +    |
[   26.941252] cloud-init[939]: |   o+ *.=B.=     |
[   26.952502] cloud-init[939]: |  o  *o@++=.     |
[   27.022977] cloud-init[939]: |   .o+*o**=.     |
[   27.026965] cloud-init[939]: +----[SHA256]-----+
         Starting Login Service...
         Starting Pollinate to seed the pseudo random number generator...
[[0;32m  OK  [0m] Started Regular background program processing daemon.
         Starting LSB: MD monitoring daemon...
         Starting System Logging Service...
         Starting LSB: Record successful boot for GRUB...
[[0;32m  OK  [0m] Started Deferred execution scheduler.
         Starting /etc/rc.local Compatibility...
         Starting Accounts Service...
         Starting Snappy daemon...
[[0;32m  OK  [0m] Started System Logging Service.
[[0;32m  OK  [0m] Started /etc/rc.local Compatibility.
[[0;32m  OK  [0m] Started iSCSI initiator daemon (iscsid).
         Starting Login to default iSCSI targets...
[[0;32m  OK  [0m] Started Login Service.
[[0;32m  OK  [0m] Started LXD - container startup/shutdown.
[[0;32m  OK  [0m] Started Unattended Upgrades Shutdown.
         Starting Authenticate and Authorize Users to Run Privileged Tasks...
[[0;32m  OK  [0m] Started Login to default iSCSI targets.
[[0;32m  OK  [0m] Started LSB: MD monitoring daemon.
[[0;32m  OK  [0m] Reached target Remote File Systems (Pre).
[[0;32m  OK  [0m] Reached target Remote File Systems.
         Starting LSB: Set the CPU Frequency Scaling governor to "ondemand"...
         Starting Permit User Sessions...
         Starting LSB: daemon to balance interrupts for SMP systems...
         Starting LSB: automatic crash report generation...
[[0;32m  OK  [0m] Started LSB: Record successful boot for GRUB.
[[0;32m  OK  [0m] Started Permit User Sessions.
         Starting Hold until boot process finishes up...
         Starting Terminate Plymouth Boot Screen...
[[0;32m  OK  [0m] Started Hold until boot process finishes up.
[[0;32m  OK  [0m] Started Terminate Plymouth Boot Screen.
[[0;32m  OK  [0m] Started Getty on tty1.
[[0;32m  OK  [0m] Started Serial Getty on ttyS0.
[[0;32m  OK  [0m] Reached target Login Prompts.
         Starting Set console scheme...
[[0;32m  OK  [0m] Started Authenticate and Authorize Users to Run Privileged Tasks.
[[0;32m  OK  [0m] Started Accounts Service.
[[0;32m  OK  [0m] Started Set console scheme.
[[0;32m  OK  [0m] Started LSB: Set the CPU Frequency Scaling governor to "ondemand".
[[0;32m  OK  [0m] Started Virtualbox guest utils.
[[0;32m  OK  [0m] Started LSB: daemon to balance interrupts for SMP systems.
[[0;32m  OK  [0m] Started LSB: automatic crash report generation.
[[0;32m  OK  [0m] Started Snappy daemon.
         Starting Wait until snapd is fully seeded...
[[0;32m  OK  [0m] Started Pollinate to seed the pseudo random number generator.
         Starting OpenBSD Secure Shell server...
[[0;32m  OK  [0m] Started OpenBSD Secure Shell server.
[[0;32m  OK  [0m] Created slice User Slice of vagrant.
         Starting User Manager for UID 1000...
[[0;32m  OK  [0m] Started Session 1 of user vagrant.
[[0;32m  OK  [0m] Started User Manager for UID 1000.

Ubuntu 16.04.6 LTS ubuntu-xenial ttyS0

ubuntu-xenial login: [   37.765116] cloud-init[1379]: Generating locales (this might take a while)...
[   40.951107] cloud-init[1379]:   en_US.UTF-8... done
[   40.961642] cloud-init[1379]: Generation complete.
[   42.805220] cloud-init[1379]: Cloud-init v. 19.1-1-gbaa47854-0ubuntu1~16.04.1 running 'modules:config' at Thu, 22 Aug 2019 16:50:36 +0000. Up 36.97 seconds.
ci-info: no authorized ssh keys fingerprints found for user ubuntu.
<14>Aug 22 16:50:44 ec2: 
<14>Aug 22 16:50:44 ec2: #############################################################
<14>Aug 22 16:50:44 ec2: -----BEGIN SSH HOST KEY FINGERPRINTS-----
<14>Aug 22 16:50:44 ec2: 1024 SHA256:ENDS2V6dR3pasY5ef5MflaKJ7NjZaSRyj/QSpo0YlWw root@ubuntu-xenial (DSA)
<14>Aug 22 16:50:44 ec2: 256 SHA256:yoS1ulfeCcH3RCfLIJoJnCV4+tafc5lJSH1QIKGoBF4 root@ubuntu-xenial (ECDSA)
<14>Aug 22 16:50:44 ec2: 256 SHA256:tIy4nV4LMwKMHd9vivH2/L60hpW2OHReQr2pKt6hKlk root@ubuntu-xenial (ED25519)
<14>Aug 22 16:50:44 ec2: 2048 SHA256:/u420fAWa8urJGEIy2yo7UkeKjxONXYjHjNb7aRbumk root@ubuntu-xenial (RSA)
<14>Aug 22 16:50:44 ec2: -----END SSH HOST KEY FINGERPRINTS-----
<14>Aug 22 16:50:44 ec2: #############################################################
-----BEGIN SSH HOST KEY KEYS-----
ecdsa-sha2-nistp256 AAAAE2VjZHNhLXNoYTItbmlzdHAyNTYAAAAIbmlzdHAyNTYAAABBBBF63zsd6MfSjoGaD77Ov1V4C8Getp2tK5twPIm6vVUQ3D7yU6z4g5xFy8B2fPVdRiNC7wt3kYAGWCnUXZxgqTY= root@ubuntu-xenial
ssh-ed25519 AAAAC3NzaC1lZDI1NTE5AAAAIHr8FYC4Z0Jc1iMN//3VMjIfVsD5iYv4CKpJbi+Rs792 root@ubuntu-xenial
ssh-rsa AAAAB3NzaC1yc2EAAAADAQABAAABAQC65d72N8jHpapERVe+hSPZnbEoX5ZNncVLAZgm5WlBo9aR5OECYTIM0kFbNB1T8s4knjv+Paz80KQ1bwtrDGsc3kpbOJiRU/sBmVTMtWVHPqihJBNxRNWGls1qF3PmDXMNzNx4pm039AVAMPgaOhQNLPebVSTJkCU37q7Sh+zZJQnR+B2Iy8F78HPoJf9D4aB4y34LwEYCHQGzuIDaftSwrrvbP4QWQvepvgs0ke/POr0jg/1A7pgJLRWBni/jTgY9TDif0RM8Xl6rDus6+LYUs+6Fbkj1hRfI2rd7fc2c0FbVFFlgCmxi0eVdurJo7OK8Hh7hRMdpL9wMY/Iocwd7 root@ubuntu-xenial
-----END SSH HOST KEY KEYS-----
[   45.084881] cloud-init[1551]: Cloud-init v. 19.1-1-gbaa47854-0ubuntu1~16.04.1 running 'modules:final' at Thu, 22 Aug 2019 16:50:43 +0000. Up 44.23 seconds.
[   45.092054] cloud-init[1551]: ci-info: no authorized ssh keys fingerprints found for user ubuntu.
[   45.104106] cloud-init[1551]: Cloud-init v. 19.1-1-gbaa47854-0ubuntu1~16.04.1 finished at Thu, 22 Aug 2019 16:50:44 +0000. Datasource DataSourceNoCloud [seed=/dev/sdb][dsmode=net].  Up 45.05 seconds
